<html>
<body>
<pre>
<h1>µVision Build Log</h1>
<h2>Project:</h2>
C:\Keil\Labware\DX-Ball-Tiva-C-mainlassst\Game\SpaceInvaders.uvproj
Project File Date:  12/22/2024

<h2>Output:</h2>
Rebuild target 'DX Ball'
assembling startup.s...
compiling Nokia5110.c...
assembling random.s...
compiling TExaS.c...
compiling screen_draw.c...
..\Drivers/screen_draw.c(120): warning:  #1-D: last line of file ends without a newline
        
..\Drivers/screen_draw.c: 1 warning, 0 errors
compiling Portf_Driver.c...
compiling PortFConfg.c...
compiling Main.c...
compiling ADC.c...
compiling UART_INTERRUPT.c...
compiling GameLogic.c...
compiling Timer_2.c...
compiling Timer2_cfg.c...
linking...
Program Size: Code=7716 RO-data=2320 RW-data=172 ZI-data=2356  
".\SpaceInvaders.axf" - 0 Error(s), 1 Warning(s).
Load "C:\\Keil\\Labware\\DX-Ball-Tiva-C-mainlassst\\Game\\SpaceInvaders.axf" 
Connecting: Mode=JTAG, Speed=1000000Hz
Erase Done.
Programming Done.
Verify OK.
</pre>
</body>
</html>
