ARM Linker, 5.03 [Build 76] [MDK-ARM Lite]

==============================================================================

Section Cross References

    startup.o(STACK) refers (Special) to heapauxi.o(.text) for __use_two_region_memory
    startup.o(HEAP) refers (Special) to heapauxi.o(.text) for __use_two_region_memory
    startup.o(RESET) refers (Special) to heapauxi.o(.text) for __use_two_region_memory
    startup.o(RESET) refers to startup.o(STACK) for StackMem
    startup.o(RESET) refers to uart_interrupt.o(i.UART0_Handler) for UART0_Handler
    startup.o(RESET) refers to timer_2.o(i.Timer2A_Handler) for Timer2A_Handler
    startup.o(RESET) refers to portfconfg.o(i.GPIOPortF_Handler) for GPIOPortF_Handler
    startup.o(RESET) refers to texas.o(i.Timer4A_Handler) for Timer4A_Handler
    startup.o(RESET) refers to texas.o(i.Timer5A_Handler) for Timer5A_Handler
    startup.o(RESET) refers to __main.o(!!!main) for __main
    startup.o(.text) refers (Special) to heapauxi.o(.text) for __use_two_region_memory
    startup.o(.text) refers to startup.o(HEAP) for HeapMem
    startup.o(.text) refers to startup.o(STACK) for StackMem
    nokia5110.o(i.Nokia5110_Clear) refers to nokia5110.o(i.lcdwrite) for lcdwrite
    nokia5110.o(i.Nokia5110_Clear) refers to nokia5110.o(i.Nokia5110_SetCursor) for Nokia5110_SetCursor
    nokia5110.o(i.Nokia5110_ClearBuffer) refers to nokia5110.o(.bss) for Screen
    nokia5110.o(i.Nokia5110_DisplayBuffer) refers to nokia5110.o(i.Nokia5110_DrawFullImage) for Nokia5110_DrawFullImage
    nokia5110.o(i.Nokia5110_DisplayBuffer) refers to nokia5110.o(.bss) for Screen
    nokia5110.o(i.Nokia5110_DrawFullImage) refers to nokia5110.o(i.Nokia5110_SetCursor) for Nokia5110_SetCursor
    nokia5110.o(i.Nokia5110_DrawFullImage) refers to nokia5110.o(i.lcdwrite) for lcdwrite
    nokia5110.o(i.Nokia5110_Init) refers to nokia5110.o(i.lcdwrite) for lcdwrite
    nokia5110.o(i.Nokia5110_OutChar) refers to nokia5110.o(i.lcdwrite) for lcdwrite
    nokia5110.o(i.Nokia5110_OutChar) refers to nokia5110.o(.constdata) for ASCII
    nokia5110.o(i.Nokia5110_OutString) refers to nokia5110.o(i.Nokia5110_OutChar) for Nokia5110_OutChar
    nokia5110.o(i.Nokia5110_OutUDec) refers to nokia5110.o(i.Nokia5110_OutString) for Nokia5110_OutString
    nokia5110.o(i.Nokia5110_OutUDec) refers to nokia5110.o(i.Nokia5110_OutChar) for Nokia5110_OutChar
    nokia5110.o(i.Nokia5110_PrintBMP) refers to nokia5110.o(.bss) for Screen
    nokia5110.o(i.Nokia5110_PrintBMP2) refers to nokia5110.o(.bss) for Screen
    nokia5110.o(i.Nokia5110_SetCursor) refers to nokia5110.o(i.lcdwrite) for lcdwrite
    random.o(.text) refers to random.o(DATA) for M
    texas.o(i.SetCode) refers to texas.o(.bss) for TExaS
    texas.o(i.SetCourse) refers to texas.o(.bss) for TExaS
    texas.o(i.SetMode) refers to texas.o(.bss) for TExaS
    texas.o(i.StartTimer4) refers to texas.o(.data) for ScopeCount
    texas.o(i.TExaS_Init) refers to texas.o(i.PLL_Init) for PLL_Init
    texas.o(i.TExaS_Init) refers to texas.o(i.SetCourse) for SetCourse
    texas.o(i.TExaS_Init) refers to texas.o(i.UART0_Init) for UART0_Init
    texas.o(i.TExaS_Init) refers to texas.o(i.SetCode) for SetCode
    texas.o(i.TExaS_Init) refers to texas.o(i.ADC1_Init) for ADC1_Init
    texas.o(i.TExaS_Init) refers to texas.o(.constdata) for IntroMsg
    texas.o(i.TExaS_Init) refers to texas.o(.bss) for TExaS
    texas.o(i.TExaS_Init) refers to texas.o(.data) for LastMode
    texas.o(i.Timer5A_Handler) refers to texas.o(i.ADC1_In) for ADC1_In
    texas.o(i.Timer5A_Handler) refers to texas.o(.data) for TExaS_Period
    screen_draw.o(i.EndGame) refers to nokia5110.o(i.Nokia5110_Clear) for Nokia5110_Clear
    screen_draw.o(i.EndGame) refers to nokia5110.o(i.Nokia5110_SetCursor) for Nokia5110_SetCursor
    screen_draw.o(i.EndGame) refers to nokia5110.o(i.Nokia5110_OutString) for Nokia5110_OutString
    screen_draw.o(i.EndGame) refers to nokia5110.o(i.Nokia5110_OutUDec) for Nokia5110_OutUDec
    screen_draw.o(i.EndGame) refers to gamelogic.o(.data) for playerScore
    screen_draw.o(i.WinGame) refers to nokia5110.o(i.Nokia5110_Clear) for Nokia5110_Clear
    screen_draw.o(i.WinGame) refers to nokia5110.o(i.Nokia5110_SetCursor) for Nokia5110_SetCursor
    screen_draw.o(i.WinGame) refers to nokia5110.o(i.Nokia5110_OutString) for Nokia5110_OutString
    screen_draw.o(i.display) refers to nokia5110.o(i.Nokia5110_Clear) for Nokia5110_Clear
    screen_draw.o(i.display) refers to nokia5110.o(i.Nokia5110_ClearBuffer) for Nokia5110_ClearBuffer
    screen_draw.o(i.display) refers to nokia5110.o(i.Nokia5110_DisplayBuffer) for Nokia5110_DisplayBuffer
    screen_draw.o(i.display) refers to screen_draw.o(i.startingScreen) for startingScreen
    screen_draw.o(i.display) refers to nokia5110.o(i.Nokia5110_PrintBMP) for Nokia5110_PrintBMP
    screen_draw.o(i.display) refers to screen_draw.o(i.draw) for draw
    screen_draw.o(i.display) refers to screen_draw.o(.constdata) for PlayerShip0
    screen_draw.o(i.display) refers to gamelogic.o(.data) for ballY
    screen_draw.o(i.draw) refers to nokia5110.o(i.Nokia5110_PrintBMP) for Nokia5110_PrintBMP
    screen_draw.o(i.draw) refers to screen_draw.o(.constdata) for food
    screen_draw.o(i.draw) refers to main.o(.bss) for gameGrid
    screen_draw.o(i.startingScreen) refers to nokia5110.o(i.Nokia5110_SetCursor) for Nokia5110_SetCursor
    screen_draw.o(i.startingScreen) refers to nokia5110.o(i.Nokia5110_OutString) for Nokia5110_OutString
    screen_draw.o(i.startingScreen) refers to nokia5110.o(i.Nokia5110_ClearBuffer) for Nokia5110_ClearBuffer
    screen_draw.o(i.startingScreen) refers to timer_2.o(i.Delay100ms) for Delay100ms
    screen_draw.o(i.startingScreen) refers to nokia5110.o(i.Nokia5110_Clear) for Nokia5110_Clear
    screen_draw.o(i.startingScreen) refers to startup.o(.text) for WaitForInterrupt
    screen_draw.o(i.startingScreen) refers to main.o(.data) for sw1flag
    portf_driver.o(i.PORTF_init) refers to portf_driver.o(i.GPIO_SetDigitalAnalogSelect) for GPIO_SetDigitalAnalogSelect
    portf_driver.o(i.PORTF_init) refers to portf_driver.o(i.GPIO_SetPinDirection) for GPIO_SetPinDirection
    portf_driver.o(i.PORTF_init) refers to portf_driver.o(i.GPIO_SetAlternateFunction) for GPIO_SetAlternateFunction
    portf_driver.o(i.PORTF_init) refers to portf_driver.o(i.GPIO_SetPullUp) for GPIO_SetPullUp
    portf_driver.o(i.PORTF_init) refers to portf_driver.o(i.GPIO_SetInterruptSensitivity) for GPIO_SetInterruptSensitivity
    portf_driver.o(i.PORTF_init) refers to portf_driver.o(i.GPIO_SetInterruptEdgeMode) for GPIO_SetInterruptEdgeMode
    portf_driver.o(i.PORTF_init) refers to portf_driver.o(i.GPIO_SetInterruptEvent) for GPIO_SetInterruptEvent
    portf_driver.o(i.PORTF_init) refers to portf_driver.o(i.GPIO_SetInterruptMask) for GPIO_SetInterruptMask
    portf_driver.o(i.PORTF_init) refers to portf_driver.o(i.GPIO_ClearInterrupt) for GPIO_ClearInterrupt
    portfconfg.o(i.GPIOPortF_Handler) refers to nokia5110.o(i.Nokia5110_PrintBMP2) for Nokia5110_PrintBMP2
    portfconfg.o(i.GPIOPortF_Handler) refers to nokia5110.o(i.Nokia5110_PrintBMP) for Nokia5110_PrintBMP
    portfconfg.o(i.GPIOPortF_Handler) refers to gamelogic.o(.data) for playerX
    portfconfg.o(i.GPIOPortF_Handler) refers to main.o(.data) for sw1flag
    portfconfg.o(i.GPIOPortF_Handler) refers to screen_draw.o(.constdata) for PlayerShip0
    portfconfg.o(i.GPIO_PortF_Init) refers to portf_driver.o(i.PORTF_init) for PORTF_init
    portfconfg.o(i.GPIO_PortF_Init) refers to portfconfg.o(.data) for PortF_PinConfigs
    main.o(i.main) refers to texas.o(i.TExaS_Init) for TExaS_Init
    main.o(i.main) refers to nokia5110.o(i.Nokia5110_Init) for Nokia5110_Init
    main.o(i.main) refers to portfconfg.o(i.GPIO_PortF_Init) for GPIO_PortF_Init
    main.o(i.main) refers to adc.o(i.ADC_Init) for ADC_Init
    main.o(i.main) refers to uart_interrupt.o(i.UART_Init) for UART_Init
    main.o(i.main) refers to startup.o(.text) for EnableInterrupts
    main.o(i.main) refers to timer2_cfg.o(i.Timer2_Init) for Timer2_Init
    main.o(i.main) refers to screen_draw.o(i.display) for display
    main.o(i.main) refers to gamelogic.o(i.playGame) for playGame
    main.o(i.main) refers to adc.o(i.UpdateShipPosition) for UpdateShipPosition
    main.o(i.main) refers to main.o(.data) for sw1flag
    adc.o(i.ADC_Init) refers to adc.o(.data) for delay
    adc.o(i.DrawShip) refers to nokia5110.o(i.Nokia5110_PrintBMP2) for Nokia5110_PrintBMP2
    adc.o(i.DrawShip) refers to nokia5110.o(i.Nokia5110_DisplayBuffer) for Nokia5110_DisplayBuffer
    adc.o(i.DrawShip) refers to main.o(.data) for oldplayerX
    adc.o(i.DrawShip) refers to screen_draw.o(.constdata) for PlayerShip0
    adc.o(i.DrawShip) refers to gamelogic.o(.data) for playerX
    adc.o(i.UpdateShipPosition) refers to adc.o(i.ADC_Read) for ADC_Read
    adc.o(i.UpdateShipPosition) refers to adc.o(i.DrawShip) for DrawShip
    adc.o(i.UpdateShipPosition) refers to gamelogic.o(.data) for playerX
    adc.o(i.UpdateShipPosition) refers to main.o(.data) for oldplayerX
    adc.o(i.UpdateShipPosition) refers to main.o(.constdata) for screenMaxX
    uart_interrupt.o(i.UART0_Handler) refers to uart_interrupt.o(i.UART0_Read) for UART0_Read
    uart_interrupt.o(i.UART0_Handler) refers to uart_interrupt.o(i.UART_OutChar) for UART_OutChar
    uart_interrupt.o(i.UART0_Handler) refers to nokia5110.o(i.Nokia5110_PrintBMP2) for Nokia5110_PrintBMP2
    uart_interrupt.o(i.UART0_Handler) refers to nokia5110.o(i.Nokia5110_PrintBMP) for Nokia5110_PrintBMP
    uart_interrupt.o(i.UART0_Handler) refers to uart_interrupt.o(.data) for input
    uart_interrupt.o(i.UART0_Handler) refers to gamelogic.o(.data) for playerX
    uart_interrupt.o(i.UART0_Handler) refers to main.o(.data) for sw1flag
    uart_interrupt.o(i.UART0_Handler) refers to screen_draw.o(.constdata) for PlayerShip0
    uart_interrupt.o(i.UART0_WriteString) refers to uart_interrupt.o(i.UART0_Write) for UART0_Write
    uart_interrupt.o(i.UART_InUDec) refers to uart_interrupt.o(i.UART_InChar) for UART_InChar
    uart_interrupt.o(i.UART_InUDec) refers to uart_interrupt.o(i.UART_OutChar) for UART_OutChar
    uart_interrupt.o(i.UART_OutDistance) refers to uart_interrupt.o(i.UART_ConvertDistance) for UART_ConvertDistance
    uart_interrupt.o(i.UART_OutDistance) refers to uart_interrupt.o(i.UART_OutString) for UART_OutString
    uart_interrupt.o(i.UART_OutDistance) refers to uart_interrupt.o(.bss) for String
    uart_interrupt.o(i.UART_OutString) refers to uart_interrupt.o(i.UART_OutChar) for UART_OutChar
    uart_interrupt.o(i.UART_OutUDec) refers to uart_interrupt.o(i.UART_ConvertUDec) for UART_ConvertUDec
    uart_interrupt.o(i.UART_OutUDec) refers to uart_interrupt.o(i.UART_OutString) for UART_OutString
    uart_interrupt.o(i.UART_OutUDec) refers to uart_interrupt.o(.bss) for String
    gamelogic.o(i.checkGameOver) refers to screen_draw.o(i.EndGame) for EndGame
    gamelogic.o(i.checkGameOver) refers to main.o(.data) for playerLives
    gamelogic.o(i.handleBallGridCollision) refers to gamelogic.o(.data) for ballX
    gamelogic.o(i.handleBallGridCollision) refers to main.o(.bss) for gameGrid
    gamelogic.o(i.handleBallGridCollision) refers to main.o(.data) for playerLives
    gamelogic.o(i.handleBallShipCollision) refers to nokia5110.o(i.Nokia5110_PrintBMP2) for Nokia5110_PrintBMP2
    gamelogic.o(i.handleBallShipCollision) refers to gamelogic.o(.data) for ballY
    gamelogic.o(i.handleBallShipCollision) refers to screen_draw.o(.constdata) for ball
    gamelogic.o(i.playGame) refers to gamelogic.o(i.handleBallShipCollision) for handleBallShipCollision
    gamelogic.o(i.playGame) refers to gamelogic.o(i.handleBallGridCollision) for handleBallGridCollision
    gamelogic.o(i.playGame) refers to gamelogic.o(i.checkGameOver) for checkGameOver
    gamelogic.o(i.playGame) refers to screen_draw.o(i.WinGame) for WinGame
    gamelogic.o(i.playGame) refers to timer_2.o(i.Delay100ms) for Delay100ms
    gamelogic.o(i.playGame) refers to nokia5110.o(i.Nokia5110_PrintBMP) for Nokia5110_PrintBMP
    gamelogic.o(i.playGame) refers to nokia5110.o(i.Nokia5110_DisplayBuffer) for Nokia5110_DisplayBuffer
    gamelogic.o(i.playGame) refers to gamelogic.o(.data) for foodEaten
    gamelogic.o(i.playGame) refers to screen_draw.o(.constdata) for ball
    timer_2.o(i.Delay100ms) refers to timer_2.o(i.Timer2_Init_T) for Timer2_Init_T
    timer_2.o(i.Delay100ms) refers to timer_2.o(i.Timer2_Start) for Timer2_Start
    timer_2.o(i.Delay100ms) refers to timer_2.o(i.Timer2_Stop) for Timer2_Stop
    timer_2.o(i.Delay100ms) refers to timer2_cfg.o(.data) for Timer2_DefaultConfig
    timer2_cfg.o(i.Timer2_Init) refers to timer_2.o(i.Timer2_Init_T) for Timer2_Init_T
    timer2_cfg.o(i.Timer2_Init) refers to timer2_cfg.o(.data) for Timer2_InterruptConfig
    __main.o(!!!main) refers to rtentry.o(.ARM.Collect$$rtentry$$00000000) for __rt_entry
    rtentry.o(.ARM.Collect$$rtentry$$00000000) refers (Special) to rtentry2.o(.ARM.Collect$$rtentry$$0000000A) for __rt_entry_li
    rtentry.o(.ARM.Collect$$rtentry$$00000000) refers (Special) to rtentry2.o(.ARM.Collect$$rtentry$$0000000D) for __rt_entry_main
    rtentry.o(.ARM.Collect$$rtentry$$00000000) refers (Special) to rtentry2.o(.ARM.Collect$$rtentry$$0000000C) for __rt_entry_postli_1
    rtentry.o(.ARM.Collect$$rtentry$$00000000) refers (Special) to rtentry2.o(.ARM.Collect$$rtentry$$00000009) for __rt_entry_postsh_1
    rtentry.o(.ARM.Collect$$rtentry$$00000000) refers (Special) to rtentry2.o(.ARM.Collect$$rtentry$$00000002) for __rt_entry_presh_1
    rtentry.o(.ARM.Collect$$rtentry$$00000000) refers (Special) to rtentry4.o(.ARM.Collect$$rtentry$$00000004) for __rt_entry_sh
    rtentry2.o(.ARM.Collect$$rtentry$$00000008) refers to boardinit2.o(.text) for _platform_post_stackheap_init
    rtentry2.o(.ARM.Collect$$rtentry$$0000000A) refers to libinit.o(.ARM.Collect$$libinit$$00000000) for __rt_lib_init
    rtentry2.o(.ARM.Collect$$rtentry$$0000000B) refers to boardinit3.o(.text) for _platform_post_lib_init
    rtentry2.o(.ARM.Collect$$rtentry$$0000000D) refers to main.o(i.main) for main
    rtentry2.o(.ARM.Collect$$rtentry$$0000000D) refers to exit.o(.text) for exit
    rtentry2.o(.ARM.exidx) refers to rtentry2.o(.ARM.Collect$$rtentry$$00000001) for .ARM.Collect$$rtentry$$00000001
    rtentry2.o(.ARM.exidx) refers to rtentry2.o(.ARM.Collect$$rtentry$$00000008) for .ARM.Collect$$rtentry$$00000008
    rtentry2.o(.ARM.exidx) refers to rtentry2.o(.ARM.Collect$$rtentry$$0000000A) for .ARM.Collect$$rtentry$$0000000A
    rtentry2.o(.ARM.exidx) refers to rtentry2.o(.ARM.Collect$$rtentry$$0000000B) for .ARM.Collect$$rtentry$$0000000B
    rtentry2.o(.ARM.exidx) refers to rtentry2.o(.ARM.Collect$$rtentry$$0000000D) for .ARM.Collect$$rtentry$$0000000D
    rtentry4.o(.ARM.Collect$$rtentry$$00000004) refers to sys_stackheap_outer.o(.text) for __user_setup_stackheap
    rtentry4.o(.ARM.exidx) refers to rtentry4.o(.ARM.Collect$$rtentry$$00000004) for .ARM.Collect$$rtentry$$00000004
    sys_stackheap_outer.o(.text) refers to libspace.o(.text) for __user_perproc_libspace
    sys_stackheap_outer.o(.text) refers to startup.o(.text) for __user_initial_stackheap
    exit.o(.text) refers to rtexit.o(.ARM.Collect$$rtexit$$00000000) for __rt_exit
    libinit.o(.ARM.Collect$$libinit$$00000000) refers (Special) to libinit2.o(.ARM.Collect$$libinit$$0000002C) for __rt_lib_init_alloca_1
    libinit.o(.ARM.Collect$$libinit$$00000000) refers (Special) to libinit2.o(.ARM.Collect$$libinit$$0000002A) for __rt_lib_init_argv_1
    libinit.o(.ARM.Collect$$libinit$$00000000) refers (Special) to libinit2.o(.ARM.Collect$$libinit$$00000019) for __rt_lib_init_atexit_1
    libinit.o(.ARM.Collect$$libinit$$00000000) refers (Special) to libinit2.o(.ARM.Collect$$libinit$$0000001F) for __rt_lib_init_clock_1
    libinit.o(.ARM.Collect$$libinit$$00000000) refers (Special) to libinit2.o(.ARM.Collect$$libinit$$00000030) for __rt_lib_init_cpp_1
    libinit.o(.ARM.Collect$$libinit$$00000000) refers (Special) to libinit2.o(.ARM.Collect$$libinit$$0000002E) for __rt_lib_init_exceptions_1
    libinit.o(.ARM.Collect$$libinit$$00000000) refers (Special) to libinit2.o(.ARM.Collect$$libinit$$00000002) for __rt_lib_init_fp_1
    libinit.o(.ARM.Collect$$libinit$$00000000) refers (Special) to libinit2.o(.ARM.Collect$$libinit$$0000001D) for __rt_lib_init_fp_trap_1
    libinit.o(.ARM.Collect$$libinit$$00000000) refers (Special) to libinit2.o(.ARM.Collect$$libinit$$00000021) for __rt_lib_init_getenv_1
    libinit.o(.ARM.Collect$$libinit$$00000000) refers (Special) to libinit2.o(.ARM.Collect$$libinit$$00000008) for __rt_lib_init_heap_1
    libinit.o(.ARM.Collect$$libinit$$00000000) refers (Special) to libinit2.o(.ARM.Collect$$libinit$$0000000F) for __rt_lib_init_lc_collate_1
    libinit.o(.ARM.Collect$$libinit$$00000000) refers (Special) to libinit2.o(.ARM.Collect$$libinit$$00000011) for __rt_lib_init_lc_ctype_1
    libinit.o(.ARM.Collect$$libinit$$00000000) refers (Special) to libinit2.o(.ARM.Collect$$libinit$$00000013) for __rt_lib_init_lc_monetary_1
    libinit.o(.ARM.Collect$$libinit$$00000000) refers (Special) to libinit2.o(.ARM.Collect$$libinit$$00000015) for __rt_lib_init_lc_numeric_1
    libinit.o(.ARM.Collect$$libinit$$00000000) refers (Special) to libinit2.o(.ARM.Collect$$libinit$$00000017) for __rt_lib_init_lc_time_1
    libinit.o(.ARM.Collect$$libinit$$00000000) refers (Special) to libinit2.o(.ARM.Collect$$libinit$$0000000C) for __rt_lib_init_rand_1
    libinit.o(.ARM.Collect$$libinit$$00000000) refers (Special) to libinit2.o(.ARM.Collect$$libinit$$00000031) for __rt_lib_init_return
    libinit.o(.ARM.Collect$$libinit$$00000000) refers (Special) to libinit2.o(.ARM.Collect$$libinit$$0000001B) for __rt_lib_init_signal_1
    libinit.o(.ARM.Collect$$libinit$$00000000) refers (Special) to libinit2.o(.ARM.Collect$$libinit$$00000023) for __rt_lib_init_stdio_1
    libinit.o(.ARM.Collect$$libinit$$00000000) refers (Special) to libinit2.o(.ARM.Collect$$libinit$$0000000A) for __rt_lib_init_user_alloc_1
    libspace.o(.text) refers to libspace.o(.bss) for __libspace_start
    rtexit.o(.ARM.Collect$$rtexit$$00000000) refers (Special) to rtexit2.o(.ARM.Collect$$rtexit$$00000004) for __rt_exit_exit
    rtexit.o(.ARM.Collect$$rtexit$$00000000) refers (Special) to rtexit2.o(.ARM.Collect$$rtexit$$00000003) for __rt_exit_ls
    rtexit.o(.ARM.Collect$$rtexit$$00000000) refers (Special) to rtexit2.o(.ARM.Collect$$rtexit$$00000002) for __rt_exit_prels_1
    rtexit.o(.ARM.exidx) refers (Special) to rtexit2.o(.ARM.Collect$$rtexit$$00000004) for __rt_exit_exit
    rtexit.o(.ARM.exidx) refers (Special) to rtexit2.o(.ARM.Collect$$rtexit$$00000003) for __rt_exit_ls
    rtexit.o(.ARM.exidx) refers (Special) to rtexit2.o(.ARM.Collect$$rtexit$$00000002) for __rt_exit_prels_1
    rtexit.o(.ARM.exidx) refers to rtexit.o(.ARM.Collect$$rtexit$$00000000) for .ARM.Collect$$rtexit$$00000000
    libinit2.o(.ARM.Collect$$libinit$$0000000E) refers to libinit2.o(.ARM.Collect$$libinit$$0000000D) for .ARM.Collect$$libinit$$0000000D
    libinit2.o(.ARM.Collect$$libinit$$00000010) refers to libinit2.o(.ARM.Collect$$libinit$$0000000D) for .ARM.Collect$$libinit$$0000000D
    libinit2.o(.ARM.Collect$$libinit$$00000012) refers to libinit2.o(.ARM.Collect$$libinit$$0000000D) for .ARM.Collect$$libinit$$0000000D
    libinit2.o(.ARM.Collect$$libinit$$00000014) refers to libinit2.o(.ARM.Collect$$libinit$$0000000D) for .ARM.Collect$$libinit$$0000000D
    libinit2.o(.ARM.Collect$$libinit$$00000016) refers to libinit2.o(.ARM.Collect$$libinit$$0000000D) for .ARM.Collect$$libinit$$0000000D
    libinit2.o(.ARM.Collect$$libinit$$00000024) refers to argv_veneer.o(.emb_text) for __ARM_argv_veneer
    libinit2.o(.ARM.Collect$$libinit$$00000025) refers to argv_veneer.o(.emb_text) for __ARM_argv_veneer
    rtexit2.o(.ARM.Collect$$rtexit$$00000003) refers to libshutdown.o(.ARM.Collect$$libshutdown$$00000000) for __rt_lib_shutdown
    rtexit2.o(.ARM.Collect$$rtexit$$00000004) refers to sys_exit.o(.text) for _sys_exit
    rtexit2.o(.ARM.exidx) refers to rtexit2.o(.ARM.Collect$$rtexit$$00000001) for .ARM.Collect$$rtexit$$00000001
    rtexit2.o(.ARM.exidx) refers to rtexit2.o(.ARM.Collect$$rtexit$$00000003) for .ARM.Collect$$rtexit$$00000003
    rtexit2.o(.ARM.exidx) refers to rtexit2.o(.ARM.Collect$$rtexit$$00000004) for .ARM.Collect$$rtexit$$00000004
    argv_veneer.o(.emb_text) refers to no_argv.o(.text) for __ARM_get_argv
    sys_exit.o(.text) refers (Special) to use_no_semi.o(.text) for __I$use$semihosting
    sys_exit.o(.text) refers (Special) to indicate_semi.o(.text) for __semihosting_library_function
    _get_argv_nomalloc.o(.text) refers (Special) to hrguard.o(.text) for __heap_region$guard
    _get_argv_nomalloc.o(.text) refers to defsig_rtmem_outer.o(.text) for __rt_SIGRTMEM
    _get_argv_nomalloc.o(.text) refers to sys_command.o(.text) for _sys_command_string
    libshutdown.o(.ARM.Collect$$libshutdown$$00000000) refers (Special) to libshutdown2.o(.ARM.Collect$$libshutdown$$00000006) for __rt_lib_shutdown_fp_trap_1
    libshutdown.o(.ARM.Collect$$libshutdown$$00000000) refers (Special) to libshutdown2.o(.ARM.Collect$$libshutdown$$0000000E) for __rt_lib_shutdown_heap_1
    libshutdown.o(.ARM.Collect$$libshutdown$$00000000) refers (Special) to libshutdown2.o(.ARM.Collect$$libshutdown$$0000000F) for __rt_lib_shutdown_return
    libshutdown.o(.ARM.Collect$$libshutdown$$00000000) refers (Special) to libshutdown2.o(.ARM.Collect$$libshutdown$$00000009) for __rt_lib_shutdown_signal_1
    libshutdown.o(.ARM.Collect$$libshutdown$$00000000) refers (Special) to libshutdown2.o(.ARM.Collect$$libshutdown$$00000003) for __rt_lib_shutdown_stdio_1
    libshutdown.o(.ARM.Collect$$libshutdown$$00000000) refers (Special) to libshutdown2.o(.ARM.Collect$$libshutdown$$0000000B) for __rt_lib_shutdown_user_alloc_1
    sys_command.o(.text) refers (Special) to use_no_semi.o(.text) for __I$use$semihosting
    sys_command.o(.text) refers (Special) to indicate_semi.o(.text) for __semihosting_library_function
    defsig_rtmem_outer.o(.text) refers to defsig_rtmem_inner.o(.text) for __rt_SIGRTMEM_inner
    defsig_rtmem_outer.o(.text) refers to defsig_exit.o(.text) for __sig_exit
    defsig_rtmem_formal.o(.text) refers to rt_raise.o(.text) for __rt_raise
    rt_raise.o(.text) refers to __raise.o(.text) for __raise
    rt_raise.o(.text) refers to sys_exit.o(.text) for _sys_exit
    defsig_exit.o(.text) refers to sys_exit.o(.text) for _sys_exit
    defsig_rtmem_inner.o(.text) refers to defsig_general.o(.text) for __default_signal_display
    __raise.o(.text) refers to defsig.o(CL$$defsig) for __default_signal_handler
    defsig_general.o(.text) refers to sys_wrch.o(.text) for _ttywrch
    sys_wrch.o(.text) refers (Special) to use_no_semi.o(.text) for __I$use$semihosting
    sys_wrch.o(.text) refers (Special) to indicate_semi.o(.text) for __semihosting_library_function
    defsig.o(CL$$defsig) refers to defsig_rtmem_inner.o(.text) for __rt_SIGRTMEM_inner
    defsig_abrt_inner.o(.text) refers to defsig_general.o(.text) for __default_signal_display
    defsig_fpe_inner.o(.text) refers to defsig_general.o(.text) for __default_signal_display
    defsig_rtred_inner.o(.text) refers to defsig_general.o(.text) for __default_signal_display
    defsig_stak_inner.o(.text) refers to defsig_general.o(.text) for __default_signal_display
    defsig_pvfn_inner.o(.text) refers to defsig_general.o(.text) for __default_signal_display
    defsig_cppl_inner.o(.text) refers to defsig_general.o(.text) for __default_signal_display
    defsig_segv_inner.o(.text) refers to defsig_general.o(.text) for __default_signal_display
    defsig_other.o(.text) refers to defsig_general.o(.text) for __default_signal_display


==============================================================================

Removing Unused input sections from the image.

    Removing random.o(DATA), (4 bytes).
    Removing random.o(.text), (60 bytes).
    Removing texas.o(i.SetMode), (24 bytes).
    Removing texas.o(i.StartTimer4), (36 bytes).
    Removing texas.o(i.StopTimer4), (24 bytes).
    Removing texas.o(i.TExaS_Stop), (28 bytes).
    Removing texas.o(i.UART0_InChar), (24 bytes).
    Removing texas.o(i.UART0_InCharNonBlocking), (28 bytes).
    Removing texas.o(i.UART0_OutChar), (24 bytes).
    Removing texas.o(i.UART0_OutCharNonBlock), (12 bytes).
    Removing texas.o(i.copy), (18 bytes).
    Removing portfconfg.o(.constdata), (480 bytes).
    Removing adc.o(.constdata), (480 bytes).
    Removing uart_interrupt.o(i.UART0_Write), (24 bytes).
    Removing uart_interrupt.o(i.UART0_WriteString), (22 bytes).
    Removing uart_interrupt.o(i.UART_ConvertDistance), (2 bytes).
    Removing uart_interrupt.o(i.UART_ConvertUDec), (2 bytes).
    Removing uart_interrupt.o(i.UART_InChar), (24 bytes).
    Removing uart_interrupt.o(i.UART_InCharNonBlocking), (28 bytes).
    Removing uart_interrupt.o(i.UART_InUDec), (76 bytes).
    Removing uart_interrupt.o(i.UART_OutDistance), (24 bytes).
    Removing uart_interrupt.o(i.UART_OutString), (22 bytes).
    Removing uart_interrupt.o(i.UART_OutUDec), (24 bytes).
    Removing uart_interrupt.o(.bss), (10 bytes).
    Removing uart_interrupt.o(.constdata), (480 bytes).
    Removing gamelogic.o(.constdata), (480 bytes).
    Removing timer_2.o(i.Timer2_DisableInterrupt), (20 bytes).
    Removing timer_2.o(i.Timer2_EnableInterrupt), (32 bytes).
    Removing timer_2.o(i.Timer2_SetLoadValue), (12 bytes).

29 unused section(s) (total 2524 bytes) removed from the image.

==============================================================================

Image Symbol Table

    Local Symbols

    Symbol Name                              Value     Ov Type        Size  Object(Section)

    RESET                                    0x00000000   Section      644  startup.o(RESET)
    ../clib/angel/boardlib.s                 0x00000000   Number         0  boardinit3.o ABSOLUTE
    ../clib/angel/boardlib.s                 0x00000000   Number         0  boardinit2.o ABSOLUTE
    ../clib/angel/boardlib.s                 0x00000000   Number         0  boardshut.o ABSOLUTE
    ../clib/angel/boardlib.s                 0x00000000   Number         0  boardinit1.o ABSOLUTE
    ../clib/angel/handlers.s                 0x00000000   Number         0  __scatter_copy.o ABSOLUTE
    ../clib/angel/handlers.s                 0x00000000   Number         0  __scatter_zi.o ABSOLUTE
    ../clib/angel/kernel.s                   0x00000000   Number         0  rtexit.o ABSOLUTE
    ../clib/angel/kernel.s                   0x00000000   Number         0  rtentry.o ABSOLUTE
    ../clib/angel/kernel.s                   0x00000000   Number         0  rtexit2.o ABSOLUTE
    ../clib/angel/kernel.s                   0x00000000   Number         0  rtentry2.o ABSOLUTE
    ../clib/angel/kernel.s                   0x00000000   Number         0  rtentry4.o ABSOLUTE
    ../clib/angel/rt.s                       0x00000000   Number         0  rt_raise.o ABSOLUTE
    ../clib/angel/scatter.s                  0x00000000   Number         0  __scatter.o ABSOLUTE
    ../clib/angel/startup.s                  0x00000000   Number         0  __main.o ABSOLUTE
    ../clib/angel/sys.s                      0x00000000   Number         0  indicate_semi.o ABSOLUTE
    ../clib/angel/sys.s                      0x00000000   Number         0  use_no_semi.o ABSOLUTE
    ../clib/angel/sys.s                      0x00000000   Number         0  libspace.o ABSOLUTE
    ../clib/angel/sys.s                      0x00000000   Number         0  sys_stackheap_outer.o ABSOLUTE
    ../clib/angel/sysapp.c                   0x00000000   Number         0  sys_command.o ABSOLUTE
    ../clib/angel/sysapp.c                   0x00000000   Number         0  sys_exit.o ABSOLUTE
    ../clib/angel/sysapp.c                   0x00000000   Number         0  sys_wrch.o ABSOLUTE
    ../clib/armsys.c                         0x00000000   Number         0  no_argv.o ABSOLUTE
    ../clib/armsys.c                         0x00000000   Number         0  _get_argv_nomalloc.o ABSOLUTE
    ../clib/armsys.c                         0x00000000   Number         0  argv_veneer.o ABSOLUTE
    ../clib/armsys.c                         0x00000000   Number         0  argv_veneer.o ABSOLUTE
    ../clib/heapalloc.c                      0x00000000   Number         0  hrguard.o ABSOLUTE
    ../clib/heapaux.c                        0x00000000   Number         0  heapauxi.o ABSOLUTE
    ../clib/libinit.s                        0x00000000   Number         0  libshutdown2.o ABSOLUTE
    ../clib/libinit.s                        0x00000000   Number         0  libshutdown.o ABSOLUTE
    ../clib/libinit.s                        0x00000000   Number         0  libinit2.o ABSOLUTE
    ../clib/libinit.s                        0x00000000   Number         0  libinit.o ABSOLUTE
    ../clib/signal.c                         0x00000000   Number         0  defsig_rtmem_formal.o ABSOLUTE
    ../clib/signal.c                         0x00000000   Number         0  defsig_other.o ABSOLUTE
    ../clib/signal.c                         0x00000000   Number         0  defsig_segv_inner.o ABSOLUTE
    ../clib/signal.c                         0x00000000   Number         0  defsig_rtmem_outer.o ABSOLUTE
    ../clib/signal.c                         0x00000000   Number         0  defsig_pvfn_inner.o ABSOLUTE
    ../clib/signal.c                         0x00000000   Number         0  defsig_stak_inner.o ABSOLUTE
    ../clib/signal.c                         0x00000000   Number         0  defsig_rtred_inner.o ABSOLUTE
    ../clib/signal.c                         0x00000000   Number         0  defsig_fpe_inner.o ABSOLUTE
    ../clib/signal.c                         0x00000000   Number         0  defsig_abrt_inner.o ABSOLUTE
    ../clib/signal.c                         0x00000000   Number         0  defsig_general.o ABSOLUTE
    ../clib/signal.c                         0x00000000   Number         0  __raise.o ABSOLUTE
    ../clib/signal.c                         0x00000000   Number         0  defsig_rtmem_inner.o ABSOLUTE
    ../clib/signal.c                         0x00000000   Number         0  defsig_exit.o ABSOLUTE
    ../clib/signal.c                         0x00000000   Number         0  defsig_cppl_inner.o ABSOLUTE
    ../clib/signal.s                         0x00000000   Number         0  defsig.o ABSOLUTE
    ../clib/stdlib.c                         0x00000000   Number         0  exit.o ABSOLUTE
    ../fplib/fpinit.s                        0x00000000   Number         0  fpinit.o ABSOLUTE
    ..\Drivers/screen_draw.c                 0x00000000   Number         0  screen_draw.o ABSOLUTE
    ..\Drivers\ADC.c                         0x00000000   Number         0  adc.o ABSOLUTE
    ..\Drivers\PortFConfg.c                  0x00000000   Number         0  portfconfg.o ABSOLUTE
    ..\Drivers\Portf_Driver.c                0x00000000   Number         0  portf_driver.o ABSOLUTE
    ..\Drivers\Timer2_cfg.c                  0x00000000   Number         0  timer2_cfg.o ABSOLUTE
    ..\Drivers\Timer_2.c                     0x00000000   Number         0  timer_2.o ABSOLUTE
    ..\Drivers\UART_INTERRUPT.c              0x00000000   Number         0  uart_interrupt.o ABSOLUTE
    GameLogic.c                              0x00000000   Number         0  gamelogic.o ABSOLUTE
    Main.c                                   0x00000000   Number         0  main.o ABSOLUTE
    Nokia5110.c                              0x00000000   Number         0  nokia5110.o ABSOLUTE
    TExaS.c                                  0x00000000   Number         0  texas.o ABSOLUTE
    dc.s                                     0x00000000   Number         0  dc.o ABSOLUTE
    random.s                                 0x00000000   Number         0  random.o ABSOLUTE
    startup.s                                0x00000000   Number         0  startup.o ABSOLUTE
    !!!main                                  0x00000284   Section        8  __main.o(!!!main)
    !!!scatter                               0x0000028c   Section       52  __scatter.o(!!!scatter)
    !!handler_copy                           0x000002c0   Section       26  __scatter_copy.o(!!handler_copy)
    !!handler_zi                             0x000002dc   Section       28  __scatter_zi.o(!!handler_zi)
    .ARM.Collect$$libinit$$00000000          0x000002f8   Section        2  libinit.o(.ARM.Collect$$libinit$$00000000)
    .ARM.Collect$$libinit$$00000002          0x000002fa   Section        0  libinit2.o(.ARM.Collect$$libinit$$00000002)
    .ARM.Collect$$libinit$$00000008          0x000002fa   Section        0  libinit2.o(.ARM.Collect$$libinit$$00000008)
    .ARM.Collect$$libinit$$0000000A          0x000002fa   Section        0  libinit2.o(.ARM.Collect$$libinit$$0000000A)
    .ARM.Collect$$libinit$$0000000C          0x000002fa   Section        0  libinit2.o(.ARM.Collect$$libinit$$0000000C)
    .ARM.Collect$$libinit$$0000000F          0x000002fa   Section        0  libinit2.o(.ARM.Collect$$libinit$$0000000F)
    .ARM.Collect$$libinit$$00000011          0x000002fa   Section        0  libinit2.o(.ARM.Collect$$libinit$$00000011)
    .ARM.Collect$$libinit$$00000013          0x000002fa   Section        0  libinit2.o(.ARM.Collect$$libinit$$00000013)
    .ARM.Collect$$libinit$$00000015          0x000002fa   Section        0  libinit2.o(.ARM.Collect$$libinit$$00000015)
    .ARM.Collect$$libinit$$00000017          0x000002fa   Section        0  libinit2.o(.ARM.Collect$$libinit$$00000017)
    .ARM.Collect$$libinit$$00000019          0x000002fa   Section        0  libinit2.o(.ARM.Collect$$libinit$$00000019)
    .ARM.Collect$$libinit$$0000001B          0x000002fa   Section        0  libinit2.o(.ARM.Collect$$libinit$$0000001B)
    .ARM.Collect$$libinit$$0000001D          0x000002fa   Section        0  libinit2.o(.ARM.Collect$$libinit$$0000001D)
    .ARM.Collect$$libinit$$0000001F          0x000002fa   Section        0  libinit2.o(.ARM.Collect$$libinit$$0000001F)
    .ARM.Collect$$libinit$$00000021          0x000002fa   Section        0  libinit2.o(.ARM.Collect$$libinit$$00000021)
    .ARM.Collect$$libinit$$00000023          0x000002fa   Section        0  libinit2.o(.ARM.Collect$$libinit$$00000023)
    .ARM.Collect$$libinit$$0000002A          0x000002fa   Section        0  libinit2.o(.ARM.Collect$$libinit$$0000002A)
    .ARM.Collect$$libinit$$0000002C          0x000002fa   Section        0  libinit2.o(.ARM.Collect$$libinit$$0000002C)
    .ARM.Collect$$libinit$$0000002E          0x000002fa   Section        0  libinit2.o(.ARM.Collect$$libinit$$0000002E)
    .ARM.Collect$$libinit$$00000030          0x000002fa   Section        0  libinit2.o(.ARM.Collect$$libinit$$00000030)
    .ARM.Collect$$libinit$$00000031          0x000002fa   Section        2  libinit2.o(.ARM.Collect$$libinit$$00000031)
    .ARM.Collect$$libshutdown$$00000000      0x000002fc   Section        2  libshutdown.o(.ARM.Collect$$libshutdown$$00000000)
    .ARM.Collect$$libshutdown$$00000003      0x000002fe   Section        0  libshutdown2.o(.ARM.Collect$$libshutdown$$00000003)
    .ARM.Collect$$libshutdown$$00000006      0x000002fe   Section        0  libshutdown2.o(.ARM.Collect$$libshutdown$$00000006)
    .ARM.Collect$$libshutdown$$00000009      0x000002fe   Section        0  libshutdown2.o(.ARM.Collect$$libshutdown$$00000009)
    .ARM.Collect$$libshutdown$$0000000B      0x000002fe   Section        0  libshutdown2.o(.ARM.Collect$$libshutdown$$0000000B)
    .ARM.Collect$$libshutdown$$0000000E      0x000002fe   Section        0  libshutdown2.o(.ARM.Collect$$libshutdown$$0000000E)
    .ARM.Collect$$libshutdown$$0000000F      0x000002fe   Section        2  libshutdown2.o(.ARM.Collect$$libshutdown$$0000000F)
    .ARM.Collect$$rtentry$$00000000          0x00000300   Section        0  rtentry.o(.ARM.Collect$$rtentry$$00000000)
    .ARM.Collect$$rtentry$$00000002          0x00000300   Section        0  rtentry2.o(.ARM.Collect$$rtentry$$00000002)
    .ARM.Collect$$rtentry$$00000004          0x00000300   Section        6  rtentry4.o(.ARM.Collect$$rtentry$$00000004)
    .ARM.Collect$$rtentry$$00000009          0x00000306   Section        0  rtentry2.o(.ARM.Collect$$rtentry$$00000009)
    .ARM.Collect$$rtentry$$0000000A          0x00000306   Section        4  rtentry2.o(.ARM.Collect$$rtentry$$0000000A)
    .ARM.Collect$$rtentry$$0000000C          0x0000030a   Section        0  rtentry2.o(.ARM.Collect$$rtentry$$0000000C)
    .ARM.Collect$$rtentry$$0000000D          0x0000030a   Section        8  rtentry2.o(.ARM.Collect$$rtentry$$0000000D)
    .ARM.Collect$$rtexit$$00000000           0x00000312   Section        2  rtexit.o(.ARM.Collect$$rtexit$$00000000)
    .ARM.Collect$$rtexit$$00000002           0x00000314   Section        0  rtexit2.o(.ARM.Collect$$rtexit$$00000002)
    .ARM.Collect$$rtexit$$00000003           0x00000314   Section        4  rtexit2.o(.ARM.Collect$$rtexit$$00000003)
    .ARM.Collect$$rtexit$$00000004           0x00000318   Section        6  rtexit2.o(.ARM.Collect$$rtexit$$00000004)
    .text                                    0x00000320   Section       48  startup.o(.text)
    .text                                    0x00000350   Section        0  heapauxi.o(.text)
    .text                                    0x00000356   Section       74  sys_stackheap_outer.o(.text)
    .text                                    0x000003a0   Section        0  exit.o(.text)
    .text                                    0x000003ac   Section        8  libspace.o(.text)
    .text                                    0x000003b4   Section        0  sys_exit.o(.text)
    .text                                    0x000003c0   Section        2  use_no_semi.o(.text)
    .text                                    0x000003c2   Section        0  indicate_semi.o(.text)
    i.ADC1_In                                0x000003c4   Section        0  texas.o(i.ADC1_In)
    i.ADC1_Init                              0x000003d0   Section        0  texas.o(i.ADC1_Init)
    i.ADC_Init                               0x000004a4   Section        0  adc.o(i.ADC_Init)
    i.ADC_Read                               0x0000053c   Section        0  adc.o(i.ADC_Read)
    i.Delay100ms                             0x00000574   Section        0  timer_2.o(i.Delay100ms)
    i.DrawShip                               0x000005b4   Section        0  adc.o(i.DrawShip)
    i.EndGame                                0x000005ec   Section        0  screen_draw.o(i.EndGame)
    i.GPIOPortF_Handler                      0x0000065c   Section        0  portfconfg.o(i.GPIOPortF_Handler)
    i.GPIO_ClearInterrupt                    0x00000724   Section        0  portf_driver.o(i.GPIO_ClearInterrupt)
    i.GPIO_PortF_Init                        0x00000734   Section        0  portfconfg.o(i.GPIO_PortF_Init)
    i.GPIO_SetAlternateFunction              0x0000076c   Section        0  portf_driver.o(i.GPIO_SetAlternateFunction)
    i.GPIO_SetDigitalAnalogSelect            0x00000790   Section        0  portf_driver.o(i.GPIO_SetDigitalAnalogSelect)
    i.GPIO_SetInterruptEdgeMode              0x000007d0   Section        0  portf_driver.o(i.GPIO_SetInterruptEdgeMode)
    i.GPIO_SetInterruptEvent                 0x000007f4   Section        0  portf_driver.o(i.GPIO_SetInterruptEvent)
    i.GPIO_SetInterruptMask                  0x00000818   Section        0  portf_driver.o(i.GPIO_SetInterruptMask)
    i.GPIO_SetInterruptSensitivity           0x0000083c   Section        0  portf_driver.o(i.GPIO_SetInterruptSensitivity)
    i.GPIO_SetPinDirection                   0x00000860   Section        0  portf_driver.o(i.GPIO_SetPinDirection)
    i.GPIO_SetPullUp                         0x00000884   Section        0  portf_driver.o(i.GPIO_SetPullUp)
    i.Nokia5110_Clear                        0x000008a8   Section        0  nokia5110.o(i.Nokia5110_Clear)
    i.Nokia5110_ClearBuffer                  0x000008c8   Section        0  nokia5110.o(i.Nokia5110_ClearBuffer)
    i.Nokia5110_DisplayBuffer                0x000008e0   Section        0  nokia5110.o(i.Nokia5110_DisplayBuffer)
    i.Nokia5110_DrawFullImage                0x000008f0   Section        0  nokia5110.o(i.Nokia5110_DrawFullImage)
    i.Nokia5110_Init                         0x00000914   Section        0  nokia5110.o(i.Nokia5110_Init)
    i.Nokia5110_OutChar                      0x00000a80   Section        0  nokia5110.o(i.Nokia5110_OutChar)
    i.Nokia5110_OutString                    0x00000ac0   Section        0  nokia5110.o(i.Nokia5110_OutString)
    i.Nokia5110_OutUDec                      0x00000ad8   Section        0  nokia5110.o(i.Nokia5110_OutUDec)
    i.Nokia5110_PrintBMP                     0x00000c74   Section        0  nokia5110.o(i.Nokia5110_PrintBMP)
    i.Nokia5110_PrintBMP2                    0x00000e1c   Section        0  nokia5110.o(i.Nokia5110_PrintBMP2)
    i.Nokia5110_SetCursor                    0x00001004   Section        0  nokia5110.o(i.Nokia5110_SetCursor)
    i.PLL_Init                               0x00001034   Section        0  texas.o(i.PLL_Init)
    i.PORTF_init                             0x000010b0   Section        0  portf_driver.o(i.PORTF_init)
    i.SetCode                                0x00001164   Section        0  texas.o(i.SetCode)
    i.SetCourse                              0x0000117c   Section        0  texas.o(i.SetCourse)
    i.TExaS_Init                             0x00001194   Section        0  texas.o(i.TExaS_Init)
    i.Timer2A_Handler                        0x00001358   Section        0  timer_2.o(i.Timer2A_Handler)
    i.Timer2_Init                            0x00001364   Section        0  timer2_cfg.o(i.Timer2_Init)
    i.Timer2_Init_T                          0x00001374   Section        0  timer_2.o(i.Timer2_Init_T)
    i.Timer2_Start                           0x000013d8   Section        0  timer_2.o(i.Timer2_Start)
    i.Timer2_Stop                            0x000013ec   Section        0  timer_2.o(i.Timer2_Stop)
    i.Timer4A_Handler                        0x00001400   Section        0  texas.o(i.Timer4A_Handler)
    i.Timer5A_Handler                        0x00001420   Section        0  texas.o(i.Timer5A_Handler)
    i.UART0_Handler                          0x00001450   Section        0  uart_interrupt.o(i.UART0_Handler)
    i.UART0_Init                             0x00001514   Section        0  texas.o(i.UART0_Init)
    i.UART0_Read                             0x000015d4   Section        0  uart_interrupt.o(i.UART0_Read)
    i.UART_Init                              0x000015ec   Section        0  uart_interrupt.o(i.UART_Init)
    i.UART_OutChar                           0x000016ac   Section        0  uart_interrupt.o(i.UART_OutChar)
    i.UpdateShipPosition                     0x000016c4   Section        0  adc.o(i.UpdateShipPosition)
    i.WinGame                                0x000016fc   Section        0  screen_draw.o(i.WinGame)
    i.checkGameOver                          0x0000173c   Section        0  gamelogic.o(i.checkGameOver)
    i.display                                0x00001760   Section        0  screen_draw.o(i.display)
    i.draw                                   0x000017b4   Section        0  screen_draw.o(i.draw)
    i.handleBallGridCollision                0x00001800   Section        0  gamelogic.o(i.handleBallGridCollision)
    i.handleBallShipCollision                0x00001bd4   Section        0  gamelogic.o(i.handleBallShipCollision)
    i.lcdwrite                               0x00001c5c   Section        0  nokia5110.o(i.lcdwrite)
    lcdwrite                                 0x00001c5d   Thumb Code    66  nokia5110.o(i.lcdwrite)
    i.main                                   0x00001ca8   Section        0  main.o(i.main)
    i.playGame                               0x00001d38   Section        0  gamelogic.o(i.playGame)
    i.startingScreen                         0x00001d8c   Section        0  screen_draw.o(i.startingScreen)
    .constdata                               0x00001e24   Section      480  nokia5110.o(.constdata)
    ASCII                                    0x00001e24   Data         480  nokia5110.o(.constdata)
    .constdata                               0x00002004   Section      360  texas.o(.constdata)
    .constdata                               0x0000216c   Section      965  screen_draw.o(.constdata)
    ASCII                                    0x0000216c   Data         480  screen_draw.o(.constdata)
    .constdata                               0x00002531   Section      483  main.o(.constdata)
    ASCII                                    0x00002531   Data         480  main.o(.constdata)
    .data                                    0x20000000   Section       52  texas.o(.data)
    .data                                    0x20000034   Section       40  portfconfg.o(.data)
    .data                                    0x2000005c   Section       20  main.o(.data)
    .data                                    0x20000070   Section        4  adc.o(.data)
    .data                                    0x20000074   Section        1  uart_interrupt.o(.data)
    .data                                    0x20000078   Section       28  gamelogic.o(.data)
    .data                                    0x20000094   Section       24  timer2_cfg.o(.data)
    .bss                                     0x200000ac   Section      504  nokia5110.o(.bss)
    .bss                                     0x200002a8   Section       56  texas.o(.bss)
    .bss                                     0x200002e0   Section      672  main.o(.bss)
    .bss                                     0x20000580   Section       96  libspace.o(.bss)
    HEAP                                     0x200005e0   Section        0  startup.o(HEAP)
    STACK                                    0x200005e0   Section     1024  startup.o(STACK)
    HeapMem                                  0x200005e0   Data           0  startup.o(HEAP)
    StackMem                                 0x200005e0   Data           0  startup.o(STACK)

    Global Symbols

    Symbol Name                              Value     Ov Type        Size  Object(Section)

    BuildAttributes$$THM_ISAv4$E$P$D$K$B$S$7EM$PE$A:L22UL41UL21$X:L11$S22US41US21$IEEE1$IW$USESV6$~STKCKD$USESV7$~SHL$OSPACE$ROPI$EBA8$UX$STANDARDLIB$REQ8$PRES8$EABIv2 0x00000000   Number         0  anon$$obj.o ABSOLUTE
    __ARM_use_no_argv                        0x00000000   Number         0  main.o ABSOLUTE
    __Vectors                                0x00000000   Data           0  startup.o(RESET)
    __ARM_exceptions_init                     - Undefined Weak Reference
    __alloca_initialize                       - Undefined Weak Reference
    __cpp_initialize__aeabi_                  - Undefined Weak Reference
    __cxa_finalize                            - Undefined Weak Reference
    __rt_locale                               - Undefined Weak Reference
    __sigvec_lookup                           - Undefined Weak Reference
    _atexit_init                              - Undefined Weak Reference
    _call_atexit_fns                          - Undefined Weak Reference
    _clock_init                               - Undefined Weak Reference
    _fp_trap_init                             - Undefined Weak Reference
    _fp_trap_shutdown                         - Undefined Weak Reference
    _get_lc_collate                           - Undefined Weak Reference
    _get_lc_ctype                             - Undefined Weak Reference
    _get_lc_monetary                          - Undefined Weak Reference
    _get_lc_numeric                           - Undefined Weak Reference
    _get_lc_time                              - Undefined Weak Reference
    _getenv_init                              - Undefined Weak Reference
    _handle_redirection                       - Undefined Weak Reference
    _init_alloc                               - Undefined Weak Reference
    _init_user_alloc                          - Undefined Weak Reference
    _initio                                   - Undefined Weak Reference
    _rand_init                                - Undefined Weak Reference
    _signal_finish                            - Undefined Weak Reference
    _signal_init                              - Undefined Weak Reference
    _terminate_alloc                          - Undefined Weak Reference
    _terminate_user_alloc                     - Undefined Weak Reference
    _terminateio                              - Undefined Weak Reference
    Reset_Handler                            0x0000026d   Thumb Code     0  startup.o(RESET)
    NMI_Handler                              0x00000271   Thumb Code     2  startup.o(RESET)
    HardFault_Handler                        0x00000273   Thumb Code     2  startup.o(RESET)
    MemManage_Handler                        0x00000275   Thumb Code     2  startup.o(RESET)
    BusFault_Handler                         0x00000277   Thumb Code     2  startup.o(RESET)
    UsageFault_Handler                       0x00000279   Thumb Code     2  startup.o(RESET)
    SVC_Handler                              0x0000027b   Thumb Code     2  startup.o(RESET)
    DebugMon_Handler                         0x0000027d   Thumb Code     2  startup.o(RESET)
    PendSV_Handler                           0x0000027f   Thumb Code     2  startup.o(RESET)
    SysTick_Handler                          0x00000281   Thumb Code     2  startup.o(RESET)
    ADC0Seq0_Handler                         0x00000283   Thumb Code     0  startup.o(RESET)
    ADC0Seq1_Handler                         0x00000283   Thumb Code     0  startup.o(RESET)
    ADC0Seq2_Handler                         0x00000283   Thumb Code     0  startup.o(RESET)
    ADC0Seq3_Handler                         0x00000283   Thumb Code     0  startup.o(RESET)
    ADC1Seq0_Handler                         0x00000283   Thumb Code     0  startup.o(RESET)
    ADC1Seq1_Handler                         0x00000283   Thumb Code     0  startup.o(RESET)
    ADC1Seq2_Handler                         0x00000283   Thumb Code     0  startup.o(RESET)
    ADC1Seq3_Handler                         0x00000283   Thumb Code     0  startup.o(RESET)
    CAN0_Handler                             0x00000283   Thumb Code     0  startup.o(RESET)
    CAN1_Handler                             0x00000283   Thumb Code     0  startup.o(RESET)
    CAN2_Handler                             0x00000283   Thumb Code     0  startup.o(RESET)
    Comp0_Handler                            0x00000283   Thumb Code     0  startup.o(RESET)
    Comp1_Handler                            0x00000283   Thumb Code     0  startup.o(RESET)
    Comp2_Handler                            0x00000283   Thumb Code     0  startup.o(RESET)
    Ethernet_Handler                         0x00000283   Thumb Code     0  startup.o(RESET)
    ExtBus_Handler                           0x00000283   Thumb Code     0  startup.o(RESET)
    FPU_Handler                              0x00000283   Thumb Code     0  startup.o(RESET)
    Fan0_Handler                             0x00000283   Thumb Code     0  startup.o(RESET)
    FlashCtl_Handler                         0x00000283   Thumb Code     0  startup.o(RESET)
    GPIOPortA_Handler                        0x00000283   Thumb Code     0  startup.o(RESET)
    GPIOPortB_Handler                        0x00000283   Thumb Code     0  startup.o(RESET)
    GPIOPortC_Handler                        0x00000283   Thumb Code     0  startup.o(RESET)
    GPIOPortD_Handler                        0x00000283   Thumb Code     0  startup.o(RESET)
    GPIOPortE_Handler                        0x00000283   Thumb Code     0  startup.o(RESET)
    GPIOPortG_Handler                        0x00000283   Thumb Code     0  startup.o(RESET)
    GPIOPortH_Handler                        0x00000283   Thumb Code     0  startup.o(RESET)
    GPIOPortJ_Handler                        0x00000283   Thumb Code     0  startup.o(RESET)
    GPIOPortK_Handler                        0x00000283   Thumb Code     0  startup.o(RESET)
    GPIOPortL_Handler                        0x00000283   Thumb Code     0  startup.o(RESET)
    GPIOPortM_Handler                        0x00000283   Thumb Code     0  startup.o(RESET)
    GPIOPortN_Handler                        0x00000283   Thumb Code     0  startup.o(RESET)
    GPIOPortP1_Handler                       0x00000283   Thumb Code     0  startup.o(RESET)
    GPIOPortP2_Handler                       0x00000283   Thumb Code     0  startup.o(RESET)
    GPIOPortP3_Handler                       0x00000283   Thumb Code     0  startup.o(RESET)
    GPIOPortP4_Handler                       0x00000283   Thumb Code     0  startup.o(RESET)
    GPIOPortP5_Handler                       0x00000283   Thumb Code     0  startup.o(RESET)
    GPIOPortP6_Handler                       0x00000283   Thumb Code     0  startup.o(RESET)
    GPIOPortP7_Handler                       0x00000283   Thumb Code     0  startup.o(RESET)
    GPIOPortP_Handler                        0x00000283   Thumb Code     0  startup.o(RESET)
    GPIOPortQ1_Handler                       0x00000283   Thumb Code     0  startup.o(RESET)
    GPIOPortQ2_Handler                       0x00000283   Thumb Code     0  startup.o(RESET)
    GPIOPortQ3_Handler                       0x00000283   Thumb Code     0  startup.o(RESET)
    GPIOPortQ4_Handler                       0x00000283   Thumb Code     0  startup.o(RESET)
    GPIOPortQ5_Handler                       0x00000283   Thumb Code     0  startup.o(RESET)
    GPIOPortQ6_Handler                       0x00000283   Thumb Code     0  startup.o(RESET)
    GPIOPortQ7_Handler                       0x00000283   Thumb Code     0  startup.o(RESET)
    GPIOPortQ_Handler                        0x00000283   Thumb Code     0  startup.o(RESET)
    GPIOPortR_Handler                        0x00000283   Thumb Code     0  startup.o(RESET)
    GPIOPortS_Handler                        0x00000283   Thumb Code     0  startup.o(RESET)
    Hibernate_Handler                        0x00000283   Thumb Code     0  startup.o(RESET)
    I2C0_Handler                             0x00000283   Thumb Code     0  startup.o(RESET)
    I2C1_Handler                             0x00000283   Thumb Code     0  startup.o(RESET)
    I2C2_Handler                             0x00000283   Thumb Code     0  startup.o(RESET)
    I2C3_Handler                             0x00000283   Thumb Code     0  startup.o(RESET)
    I2C4_Handler                             0x00000283   Thumb Code     0  startup.o(RESET)
    I2C5_Handler                             0x00000283   Thumb Code     0  startup.o(RESET)
    I2S0_Handler                             0x00000283   Thumb Code     0  startup.o(RESET)
    LPC0_Handler                             0x00000283   Thumb Code     0  startup.o(RESET)
    PECI0_Handler                            0x00000283   Thumb Code     0  startup.o(RESET)
    PWM0Fault_Handler                        0x00000283   Thumb Code     0  startup.o(RESET)
    PWM0Generator0_Handler                   0x00000283   Thumb Code     0  startup.o(RESET)
    PWM0Generator1_Handler                   0x00000283   Thumb Code     0  startup.o(RESET)
    PWM0Generator2_Handler                   0x00000283   Thumb Code     0  startup.o(RESET)
    PWM0Generator3_Handler                   0x00000283   Thumb Code     0  startup.o(RESET)
    PWM1Fault_Handler                        0x00000283   Thumb Code     0  startup.o(RESET)
    PWM1Generator0_Handler                   0x00000283   Thumb Code     0  startup.o(RESET)
    PWM1Generator1_Handler                   0x00000283   Thumb Code     0  startup.o(RESET)
    PWM1Generator2_Handler                   0x00000283   Thumb Code     0  startup.o(RESET)
    PWM1Generator3_Handler                   0x00000283   Thumb Code     0  startup.o(RESET)
    Quadrature0_Handler                      0x00000283   Thumb Code     0  startup.o(RESET)
    Quadrature1_Handler                      0x00000283   Thumb Code     0  startup.o(RESET)
    Quadrature2_Handler                      0x00000283   Thumb Code     0  startup.o(RESET)
    SSI0_Handler                             0x00000283   Thumb Code     0  startup.o(RESET)
    SSI1_Handler                             0x00000283   Thumb Code     0  startup.o(RESET)
    SSI2_Handler                             0x00000283   Thumb Code     0  startup.o(RESET)
    SSI3_Handler                             0x00000283   Thumb Code     0  startup.o(RESET)
    SysCtl_Handler                           0x00000283   Thumb Code     0  startup.o(RESET)
    Timer0A_Handler                          0x00000283   Thumb Code     0  startup.o(RESET)
    Timer0B_Handler                          0x00000283   Thumb Code     0  startup.o(RESET)
    Timer1A_Handler                          0x00000283   Thumb Code     0  startup.o(RESET)
    Timer1B_Handler                          0x00000283   Thumb Code     0  startup.o(RESET)
    Timer2B_Handler                          0x00000283   Thumb Code     0  startup.o(RESET)
    Timer3A_Handler                          0x00000283   Thumb Code     0  startup.o(RESET)
    Timer3B_Handler                          0x00000283   Thumb Code     0  startup.o(RESET)
    Timer4B_Handler                          0x00000283   Thumb Code     0  startup.o(RESET)
    Timer5B_Handler                          0x00000283   Thumb Code     0  startup.o(RESET)
    UART1_Handler                            0x00000283   Thumb Code     0  startup.o(RESET)
    UART2_Handler                            0x00000283   Thumb Code     0  startup.o(RESET)
    UART3_Handler                            0x00000283   Thumb Code     0  startup.o(RESET)
    UART4_Handler                            0x00000283   Thumb Code     0  startup.o(RESET)
    UART5_Handler                            0x00000283   Thumb Code     0  startup.o(RESET)
    UART6_Handler                            0x00000283   Thumb Code     0  startup.o(RESET)
    UART7_Handler                            0x00000283   Thumb Code     0  startup.o(RESET)
    USB0_Handler                             0x00000283   Thumb Code     0  startup.o(RESET)
    WDT_Handler                              0x00000283   Thumb Code     0  startup.o(RESET)
    WideTimer0A_Handler                      0x00000283   Thumb Code     0  startup.o(RESET)
    WideTimer0B_Handler                      0x00000283   Thumb Code     0  startup.o(RESET)
    WideTimer1A_Handler                      0x00000283   Thumb Code     0  startup.o(RESET)
    WideTimer1B_Handler                      0x00000283   Thumb Code     0  startup.o(RESET)
    WideTimer2A_Handler                      0x00000283   Thumb Code     0  startup.o(RESET)
    WideTimer2B_Handler                      0x00000283   Thumb Code     0  startup.o(RESET)
    WideTimer3A_Handler                      0x00000283   Thumb Code     0  startup.o(RESET)
    WideTimer3B_Handler                      0x00000283   Thumb Code     0  startup.o(RESET)
    WideTimer4A_Handler                      0x00000283   Thumb Code     0  startup.o(RESET)
    WideTimer4B_Handler                      0x00000283   Thumb Code     0  startup.o(RESET)
    WideTimer5A_Handler                      0x00000283   Thumb Code     0  startup.o(RESET)
    WideTimer5B_Handler                      0x00000283   Thumb Code     0  startup.o(RESET)
    uDMA_Error                               0x00000283   Thumb Code     0  startup.o(RESET)
    uDMA_Handler                             0x00000283   Thumb Code     0  startup.o(RESET)
    __main                                   0x00000285   Thumb Code     8  __main.o(!!!main)
    __scatterload                            0x0000028d   Thumb Code     0  __scatter.o(!!!scatter)
    __scatterload_rt2                        0x0000028d   Thumb Code    44  __scatter.o(!!!scatter)
    __scatterload_rt2_thumb_only             0x0000028d   Thumb Code     0  __scatter.o(!!!scatter)
    __scatterload_null                       0x0000029b   Thumb Code     0  __scatter.o(!!!scatter)
    __scatterload_copy                       0x000002c1   Thumb Code    26  __scatter_copy.o(!!handler_copy)
    __scatterload_zeroinit                   0x000002dd   Thumb Code    28  __scatter_zi.o(!!handler_zi)
    __rt_lib_init                            0x000002f9   Thumb Code     0  libinit.o(.ARM.Collect$$libinit$$00000000)
    __rt_lib_init_alloca_1                   0x000002fb   Thumb Code     0  libinit2.o(.ARM.Collect$$libinit$$0000002C)
    __rt_lib_init_argv_1                     0x000002fb   Thumb Code     0  libinit2.o(.ARM.Collect$$libinit$$0000002A)
    __rt_lib_init_atexit_1                   0x000002fb   Thumb Code     0  libinit2.o(.ARM.Collect$$libinit$$00000019)
    __rt_lib_init_clock_1                    0x000002fb   Thumb Code     0  libinit2.o(.ARM.Collect$$libinit$$0000001F)
    __rt_lib_init_cpp_1                      0x000002fb   Thumb Code     0  libinit2.o(.ARM.Collect$$libinit$$00000030)
    __rt_lib_init_exceptions_1               0x000002fb   Thumb Code     0  libinit2.o(.ARM.Collect$$libinit$$0000002E)
    __rt_lib_init_fp_1                       0x000002fb   Thumb Code     0  libinit2.o(.ARM.Collect$$libinit$$00000002)
    __rt_lib_init_fp_trap_1                  0x000002fb   Thumb Code     0  libinit2.o(.ARM.Collect$$libinit$$0000001D)
    __rt_lib_init_getenv_1                   0x000002fb   Thumb Code     0  libinit2.o(.ARM.Collect$$libinit$$00000021)
    __rt_lib_init_heap_1                     0x000002fb   Thumb Code     0  libinit2.o(.ARM.Collect$$libinit$$00000008)
    __rt_lib_init_lc_collate_1               0x000002fb   Thumb Code     0  libinit2.o(.ARM.Collect$$libinit$$0000000F)
    __rt_lib_init_lc_ctype_1                 0x000002fb   Thumb Code     0  libinit2.o(.ARM.Collect$$libinit$$00000011)
    __rt_lib_init_lc_monetary_1              0x000002fb   Thumb Code     0  libinit2.o(.ARM.Collect$$libinit$$00000013)
    __rt_lib_init_lc_numeric_1               0x000002fb   Thumb Code     0  libinit2.o(.ARM.Collect$$libinit$$00000015)
    __rt_lib_init_lc_time_1                  0x000002fb   Thumb Code     0  libinit2.o(.ARM.Collect$$libinit$$00000017)
    __rt_lib_init_rand_1                     0x000002fb   Thumb Code     0  libinit2.o(.ARM.Collect$$libinit$$0000000C)
    __rt_lib_init_return                     0x000002fb   Thumb Code     0  libinit2.o(.ARM.Collect$$libinit$$00000031)
    __rt_lib_init_signal_1                   0x000002fb   Thumb Code     0  libinit2.o(.ARM.Collect$$libinit$$0000001B)
    __rt_lib_init_stdio_1                    0x000002fb   Thumb Code     0  libinit2.o(.ARM.Collect$$libinit$$00000023)
    __rt_lib_init_user_alloc_1               0x000002fb   Thumb Code     0  libinit2.o(.ARM.Collect$$libinit$$0000000A)
    __rt_lib_shutdown                        0x000002fd   Thumb Code     0  libshutdown.o(.ARM.Collect$$libshutdown$$00000000)
    __rt_lib_shutdown_fp_trap_1              0x000002ff   Thumb Code     0  libshutdown2.o(.ARM.Collect$$libshutdown$$00000006)
    __rt_lib_shutdown_heap_1                 0x000002ff   Thumb Code     0  libshutdown2.o(.ARM.Collect$$libshutdown$$0000000E)
    __rt_lib_shutdown_return                 0x000002ff   Thumb Code     0  libshutdown2.o(.ARM.Collect$$libshutdown$$0000000F)
    __rt_lib_shutdown_signal_1               0x000002ff   Thumb Code     0  libshutdown2.o(.ARM.Collect$$libshutdown$$00000009)
    __rt_lib_shutdown_stdio_1                0x000002ff   Thumb Code     0  libshutdown2.o(.ARM.Collect$$libshutdown$$00000003)
    __rt_lib_shutdown_user_alloc_1           0x000002ff   Thumb Code     0  libshutdown2.o(.ARM.Collect$$libshutdown$$0000000B)
    __rt_entry                               0x00000301   Thumb Code     0  rtentry.o(.ARM.Collect$$rtentry$$00000000)
    __rt_entry_presh_1                       0x00000301   Thumb Code     0  rtentry2.o(.ARM.Collect$$rtentry$$00000002)
    __rt_entry_sh                            0x00000301   Thumb Code     0  rtentry4.o(.ARM.Collect$$rtentry$$00000004)
    __rt_entry_li                            0x00000307   Thumb Code     0  rtentry2.o(.ARM.Collect$$rtentry$$0000000A)
    __rt_entry_postsh_1                      0x00000307   Thumb Code     0  rtentry2.o(.ARM.Collect$$rtentry$$00000009)
    __rt_entry_main                          0x0000030b   Thumb Code     0  rtentry2.o(.ARM.Collect$$rtentry$$0000000D)
    __rt_entry_postli_1                      0x0000030b   Thumb Code     0  rtentry2.o(.ARM.Collect$$rtentry$$0000000C)
    __rt_exit                                0x00000313   Thumb Code     0  rtexit.o(.ARM.Collect$$rtexit$$00000000)
    __rt_exit_ls                             0x00000315   Thumb Code     0  rtexit2.o(.ARM.Collect$$rtexit$$00000003)
    __rt_exit_prels_1                        0x00000315   Thumb Code     0  rtexit2.o(.ARM.Collect$$rtexit$$00000002)
    __rt_exit_exit                           0x00000319   Thumb Code     0  rtexit2.o(.ARM.Collect$$rtexit$$00000004)
    DisableInterrupts                        0x00000321   Thumb Code     0  startup.o(.text)
    EnableInterrupts                         0x00000325   Thumb Code     0  startup.o(.text)
    StartCritical                            0x00000329   Thumb Code     0  startup.o(.text)
    EndCritical                              0x00000331   Thumb Code     0  startup.o(.text)
    WaitForInterrupt                         0x00000337   Thumb Code     0  startup.o(.text)
    __user_initial_stackheap                 0x0000033b   Thumb Code     0  startup.o(.text)
    __use_two_region_memory                  0x00000351   Thumb Code     2  heapauxi.o(.text)
    __rt_heap_escrow$2region                 0x00000353   Thumb Code     2  heapauxi.o(.text)
    __rt_heap_expand$2region                 0x00000355   Thumb Code     2  heapauxi.o(.text)
    __user_setup_stackheap                   0x00000357   Thumb Code    74  sys_stackheap_outer.o(.text)
    exit                                     0x000003a1   Thumb Code    12  exit.o(.text)
    __user_libspace                          0x000003ad   Thumb Code     8  libspace.o(.text)
    __user_perproc_libspace                  0x000003ad   Thumb Code     0  libspace.o(.text)
    __user_perthread_libspace                0x000003ad   Thumb Code     0  libspace.o(.text)
    _sys_exit                                0x000003b5   Thumb Code     8  sys_exit.o(.text)
    __I$use$semihosting                      0x000003c1   Thumb Code     0  use_no_semi.o(.text)
    __use_no_semihosting_swi                 0x000003c1   Thumb Code     2  use_no_semi.o(.text)
    __semihosting_library_function           0x000003c3   Thumb Code     0  indicate_semi.o(.text)
    ADC1_In                                  0x000003c5   Thumb Code     6  texas.o(i.ADC1_In)
    ADC1_Init                                0x000003d1   Thumb Code   174  texas.o(i.ADC1_Init)
    ADC_Init                                 0x000004a5   Thumb Code   128  adc.o(i.ADC_Init)
    ADC_Read                                 0x0000053d   Thumb Code    46  adc.o(i.ADC_Read)
    Delay100ms                               0x00000575   Thumb Code    54  timer_2.o(i.Delay100ms)
    DrawShip                                 0x000005b5   Thumb Code    44  adc.o(i.DrawShip)
    EndGame                                  0x000005ed   Thumb Code    76  screen_draw.o(i.EndGame)
    GPIOPortF_Handler                        0x0000065d   Thumb Code   178  portfconfg.o(i.GPIOPortF_Handler)
    GPIO_ClearInterrupt                      0x00000725   Thumb Code    10  portf_driver.o(i.GPIO_ClearInterrupt)
    GPIO_PortF_Init                          0x00000735   Thumb Code    40  portfconfg.o(i.GPIO_PortF_Init)
    GPIO_SetAlternateFunction                0x0000076d   Thumb Code    32  portf_driver.o(i.GPIO_SetAlternateFunction)
    GPIO_SetDigitalAnalogSelect              0x00000791   Thumb Code    58  portf_driver.o(i.GPIO_SetDigitalAnalogSelect)
    GPIO_SetInterruptEdgeMode                0x000007d1   Thumb Code    32  portf_driver.o(i.GPIO_SetInterruptEdgeMode)
    GPIO_SetInterruptEvent                   0x000007f5   Thumb Code    32  portf_driver.o(i.GPIO_SetInterruptEvent)
    GPIO_SetInterruptMask                    0x00000819   Thumb Code    32  portf_driver.o(i.GPIO_SetInterruptMask)
    GPIO_SetInterruptSensitivity             0x0000083d   Thumb Code    32  portf_driver.o(i.GPIO_SetInterruptSensitivity)
    GPIO_SetPinDirection                     0x00000861   Thumb Code    32  portf_driver.o(i.GPIO_SetPinDirection)
    GPIO_SetPullUp                           0x00000885   Thumb Code    32  portf_driver.o(i.GPIO_SetPullUp)
    Nokia5110_Clear                          0x000008a9   Thumb Code    32  nokia5110.o(i.Nokia5110_Clear)
    Nokia5110_ClearBuffer                    0x000008c9   Thumb Code    20  nokia5110.o(i.Nokia5110_ClearBuffer)
    Nokia5110_DisplayBuffer                  0x000008e1   Thumb Code    10  nokia5110.o(i.Nokia5110_DisplayBuffer)
    Nokia5110_DrawFullImage                  0x000008f1   Thumb Code    34  nokia5110.o(i.Nokia5110_DrawFullImage)
    Nokia5110_Init                           0x00000915   Thumb Code   316  nokia5110.o(i.Nokia5110_Init)
    Nokia5110_OutChar                        0x00000a81   Thumb Code    60  nokia5110.o(i.Nokia5110_OutChar)
    Nokia5110_OutString                      0x00000ac1   Thumb Code    22  nokia5110.o(i.Nokia5110_OutString)
    Nokia5110_OutUDec                        0x00000ad9   Thumb Code   394  nokia5110.o(i.Nokia5110_OutUDec)
    Nokia5110_PrintBMP                       0x00000c75   Thumb Code   420  nokia5110.o(i.Nokia5110_PrintBMP)
    Nokia5110_PrintBMP2                      0x00000e1d   Thumb Code   482  nokia5110.o(i.Nokia5110_PrintBMP2)
    Nokia5110_SetCursor                      0x00001005   Thumb Code    48  nokia5110.o(i.Nokia5110_SetCursor)
    PLL_Init                                 0x00001035   Thumb Code   118  texas.o(i.PLL_Init)
    PORTF_init                               0x000010b1   Thumb Code   162  portf_driver.o(i.PORTF_init)
    SetCode                                  0x00001165   Thumb Code    20  texas.o(i.SetCode)
    SetCourse                                0x0000117d   Thumb Code    20  texas.o(i.SetCourse)
    TExaS_Init                               0x00001195   Thumb Code   324  texas.o(i.TExaS_Init)
    Timer2A_Handler                          0x00001359   Thumb Code     8  timer_2.o(i.Timer2A_Handler)
    Timer2_Init                              0x00001365   Thumb Code    10  timer2_cfg.o(i.Timer2_Init)
    Timer2_Init_T                            0x00001375   Thumb Code    88  timer_2.o(i.Timer2_Init_T)
    Timer2_Start                             0x000013d9   Thumb Code    14  timer_2.o(i.Timer2_Start)
    Timer2_Stop                              0x000013ed   Thumb Code    14  timer_2.o(i.Timer2_Stop)
    Timer4A_Handler                          0x00001401   Thumb Code    20  texas.o(i.Timer4A_Handler)
    Timer5A_Handler                          0x00001421   Thumb Code    34  texas.o(i.Timer5A_Handler)
    UART0_Handler                            0x00001451   Thumb Code   170  uart_interrupt.o(i.UART0_Handler)
    UART0_Init                               0x00001515   Thumb Code   160  texas.o(i.UART0_Init)
    UART0_Read                               0x000015d5   Thumb Code    20  uart_interrupt.o(i.UART0_Read)
    UART_Init                                0x000015ed   Thumb Code   166  uart_interrupt.o(i.UART_Init)
    UART_OutChar                             0x000016ad   Thumb Code    18  uart_interrupt.o(i.UART_OutChar)
    UpdateShipPosition                       0x000016c5   Thumb Code    40  adc.o(i.UpdateShipPosition)
    WinGame                                  0x000016fd   Thumb Code    44  screen_draw.o(i.WinGame)
    checkGameOver                            0x0000173d   Thumb Code    26  gamelogic.o(i.checkGameOver)
    display                                  0x00001761   Thumb Code    68  screen_draw.o(i.display)
    draw                                     0x000017b5   Thumb Code    68  screen_draw.o(i.draw)
    handleBallGridCollision                  0x00001801   Thumb Code   948  gamelogic.o(i.handleBallGridCollision)
    handleBallShipCollision                  0x00001bd5   Thumb Code   110  gamelogic.o(i.handleBallShipCollision)
    main                                     0x00001ca9   Thumb Code   126  main.o(i.main)
    playGame                                 0x00001d39   Thumb Code    66  gamelogic.o(i.playGame)
    startingScreen                           0x00001d8d   Thumb Code    98  screen_draw.o(i.startingScreen)
    NoInputMsg                               0x00002004   Data          40  texas.o(.constdata)
    OutputPortMsg0                           0x0000202c   Data          40  texas.o(.constdata)
    OutputPortMsg1                           0x00002054   Data          40  texas.o(.constdata)
    OutputPortMsg2                           0x0000207c   Data          40  texas.o(.constdata)
    OutputPortMsg3                           0x000020a4   Data          40  texas.o(.constdata)
    BlankMsg                                 0x000020cc   Data          40  texas.o(.constdata)
    InitializedMsg                           0x000020f4   Data          40  texas.o(.constdata)
    IntroMsg                                 0x0000211c   Data          40  texas.o(.constdata)
    DoneMsg                                  0x00002144   Data          40  texas.o(.constdata)
    food                                     0x0000234c   Data         135  screen_draw.o(.constdata)
    ball                                     0x000023d3   Data         135  screen_draw.o(.constdata)
    PlayerShip0                              0x0000245a   Data         215  screen_draw.o(.constdata)
    shipWidth                                0x00002711   Data           1  main.o(.constdata)
    screenMaxX                               0x00002712   Data           1  main.o(.constdata)
    screenMinX                               0x00002713   Data           1  main.o(.constdata)
    Region$$Table$$Base                      0x00002714   Number         0  anon$$obj.o(Region$$Table)
    Region$$Table$$Limit                     0x00002734   Number         0  anon$$obj.o(Region$$Table)
    TExaS_Period                             0x20000000   Data           4  texas.o(.data)
    TExaS_Ports                              0x20000004   Data           8  texas.o(.data)
    Display                                  0x2000000c   Data           1  texas.o(.data)
    TExaS_Meter                              0x20000010   Data           4  texas.o(.data)
    ADCnum                                   0x20000014   Data           4  texas.o(.data)
    LastMode                                 0x20000018   Data           4  texas.o(.data)
    bFlag                                    0x2000001c   Data           4  texas.o(.data)
    Count                                    0x20000020   Data           4  texas.o(.data)
    DelayBetweenTests                        0x20000024   Data           4  texas.o(.data)
    TExaS_Test                               0x20000028   Data           4  texas.o(.data)
    ScopeMode                                0x2000002c   Data           4  texas.o(.data)
    ScopeCount                               0x20000030   Data           4  texas.o(.data)
    PortF_PinConfigs                         0x20000034   Data          40  portfconfg.o(.data)
    shipX                                    0x2000005c   Data           1  main.o(.data)
    playerLives                              0x20000060   Data           4  main.o(.data)
    sw1flag                                  0x20000064   Data           4  main.o(.data)
    oldplayerX                               0x20000068   Data           4  main.o(.data)
    sw2flag                                  0x2000006c   Data           4  main.o(.data)
    delay                                    0x20000070   Data           4  adc.o(.data)
    input                                    0x20000074   Data           1  uart_interrupt.o(.data)
    playerX                                  0x20000078   Data           4  gamelogic.o(.data)
    ballX                                    0x2000007c   Data           4  gamelogic.o(.data)
    ballY                                    0x20000080   Data           4  gamelogic.o(.data)
    ballSpeedX                               0x20000084   Data           4  gamelogic.o(.data)
    ballSpeedY                               0x20000088   Data           4  gamelogic.o(.data)
    playerScore                              0x2000008c   Data           4  gamelogic.o(.data)
    foodEaten                                0x20000090   Data           4  gamelogic.o(.data)
    Timer2_DefaultConfig                     0x20000094   Data          12  timer2_cfg.o(.data)
    Timer2_InterruptConfig                   0x200000a0   Data          12  timer2_cfg.o(.data)
    Screen                                   0x200000ac   Data         504  nokia5110.o(.bss)
    TExaS                                    0x200002a8   Data          56  texas.o(.bss)
    gameGrid                                 0x200002e0   Data         672  main.o(.bss)
    __libspace_start                         0x20000580   Data          96  libspace.o(.bss)
    __temporary_stack_top$libspace           0x200005e0   Data           0  libspace.o(.bss)



==============================================================================

Memory Map of the image

  Image Entry point : 0x0000026d

  Load Region LR_1 (Base: 0x00000000, Size: 0x000027e0, Max: 0xffffffff, ABSOLUTE)

    Execution Region ER_RO (Base: 0x00000000, Size: 0x00002734, Max: 0xffffffff, ABSOLUTE)

    Base Addr    Size         Type   Attr      Idx    E Section Name        Object

    0x00000000   0x00000284   Code   RO            3  * RESET               startup.o
    0x00000284   0x00000008   Code   RO          701  * !!!main             c_w.l(__main.o)
    0x0000028c   0x00000034   Code   RO          855    !!!scatter          c_w.l(__scatter.o)
    0x000002c0   0x0000001a   Code   RO          857    !!handler_copy      c_w.l(__scatter_copy.o)
    0x000002da   0x00000002   PAD
    0x000002dc   0x0000001c   Code   RO          859    !!handler_zi        c_w.l(__scatter_zi.o)
    0x000002f8   0x00000002   Code   RO          728    .ARM.Collect$$libinit$$00000000  c_w.l(libinit.o)
    0x000002fa   0x00000000   Code   RO          735    .ARM.Collect$$libinit$$00000002  c_w.l(libinit2.o)
    0x000002fa   0x00000000   Code   RO          738    .ARM.Collect$$libinit$$00000008  c_w.l(libinit2.o)
    0x000002fa   0x00000000   Code   RO          740    .ARM.Collect$$libinit$$0000000A  c_w.l(libinit2.o)
    0x000002fa   0x00000000   Code   RO          742    .ARM.Collect$$libinit$$0000000C  c_w.l(libinit2.o)
    0x000002fa   0x00000000   Code   RO          745    .ARM.Collect$$libinit$$0000000F  c_w.l(libinit2.o)
    0x000002fa   0x00000000   Code   RO          747    .ARM.Collect$$libinit$$00000011  c_w.l(libinit2.o)
    0x000002fa   0x00000000   Code   RO          749    .ARM.Collect$$libinit$$00000013  c_w.l(libinit2.o)
    0x000002fa   0x00000000   Code   RO          751    .ARM.Collect$$libinit$$00000015  c_w.l(libinit2.o)
    0x000002fa   0x00000000   Code   RO          753    .ARM.Collect$$libinit$$00000017  c_w.l(libinit2.o)
    0x000002fa   0x00000000   Code   RO          755    .ARM.Collect$$libinit$$00000019  c_w.l(libinit2.o)
    0x000002fa   0x00000000   Code   RO          757    .ARM.Collect$$libinit$$0000001B  c_w.l(libinit2.o)
    0x000002fa   0x00000000   Code   RO          759    .ARM.Collect$$libinit$$0000001D  c_w.l(libinit2.o)
    0x000002fa   0x00000000   Code   RO          761    .ARM.Collect$$libinit$$0000001F  c_w.l(libinit2.o)
    0x000002fa   0x00000000   Code   RO          763    .ARM.Collect$$libinit$$00000021  c_w.l(libinit2.o)
    0x000002fa   0x00000000   Code   RO          765    .ARM.Collect$$libinit$$00000023  c_w.l(libinit2.o)
    0x000002fa   0x00000000   Code   RO          769    .ARM.Collect$$libinit$$0000002A  c_w.l(libinit2.o)
    0x000002fa   0x00000000   Code   RO          771    .ARM.Collect$$libinit$$0000002C  c_w.l(libinit2.o)
    0x000002fa   0x00000000   Code   RO          773    .ARM.Collect$$libinit$$0000002E  c_w.l(libinit2.o)
    0x000002fa   0x00000000   Code   RO          775    .ARM.Collect$$libinit$$00000030  c_w.l(libinit2.o)
    0x000002fa   0x00000002   Code   RO          776    .ARM.Collect$$libinit$$00000031  c_w.l(libinit2.o)
    0x000002fc   0x00000002   Code   RO          796    .ARM.Collect$$libshutdown$$00000000  c_w.l(libshutdown.o)
    0x000002fe   0x00000000   Code   RO          810    .ARM.Collect$$libshutdown$$00000003  c_w.l(libshutdown2.o)
    0x000002fe   0x00000000   Code   RO          813    .ARM.Collect$$libshutdown$$00000006  c_w.l(libshutdown2.o)
    0x000002fe   0x00000000   Code   RO          816    .ARM.Collect$$libshutdown$$00000009  c_w.l(libshutdown2.o)
    0x000002fe   0x00000000   Code   RO          818    .ARM.Collect$$libshutdown$$0000000B  c_w.l(libshutdown2.o)
    0x000002fe   0x00000000   Code   RO          821    .ARM.Collect$$libshutdown$$0000000E  c_w.l(libshutdown2.o)
    0x000002fe   0x00000002   Code   RO          822    .ARM.Collect$$libshutdown$$0000000F  c_w.l(libshutdown2.o)
    0x00000300   0x00000000   Code   RO          703    .ARM.Collect$$rtentry$$00000000  c_w.l(rtentry.o)
    0x00000300   0x00000000   Code   RO          705    .ARM.Collect$$rtentry$$00000002  c_w.l(rtentry2.o)
    0x00000300   0x00000006   Code   RO          717    .ARM.Collect$$rtentry$$00000004  c_w.l(rtentry4.o)
    0x00000306   0x00000000   Code   RO          707    .ARM.Collect$$rtentry$$00000009  c_w.l(rtentry2.o)
    0x00000306   0x00000004   Code   RO          708    .ARM.Collect$$rtentry$$0000000A  c_w.l(rtentry2.o)
    0x0000030a   0x00000000   Code   RO          710    .ARM.Collect$$rtentry$$0000000C  c_w.l(rtentry2.o)
    0x0000030a   0x00000008   Code   RO          711    .ARM.Collect$$rtentry$$0000000D  c_w.l(rtentry2.o)
    0x00000312   0x00000002   Code   RO          732    .ARM.Collect$$rtexit$$00000000  c_w.l(rtexit.o)
    0x00000314   0x00000000   Code   RO          778    .ARM.Collect$$rtexit$$00000002  c_w.l(rtexit2.o)
    0x00000314   0x00000004   Code   RO          779    .ARM.Collect$$rtexit$$00000003  c_w.l(rtexit2.o)
    0x00000318   0x00000006   Code   RO          780    .ARM.Collect$$rtexit$$00000004  c_w.l(rtexit2.o)
    0x0000031e   0x00000002   PAD
    0x00000320   0x00000030   Code   RO            4    .text               startup.o
    0x00000350   0x00000006   Code   RO          699    .text               c_w.l(heapauxi.o)
    0x00000356   0x0000004a   Code   RO          719    .text               c_w.l(sys_stackheap_outer.o)
    0x000003a0   0x0000000c   Code   RO          721    .text               c_w.l(exit.o)
    0x000003ac   0x00000008   Code   RO          729    .text               c_w.l(libspace.o)
    0x000003b4   0x0000000c   Code   RO          788    .text               c_w.l(sys_exit.o)
    0x000003c0   0x00000002   Code   RO          799    .text               c_w.l(use_no_semi.o)
    0x000003c2   0x00000000   Code   RO          801    .text               c_w.l(indicate_semi.o)
    0x000003c2   0x00000002   PAD
    0x000003c4   0x0000000c   Code   RO          101    i.ADC1_In           texas.o
    0x000003d0   0x000000d4   Code   RO          102    i.ADC1_Init         texas.o
    0x000004a4   0x00000098   Code   RO          427    i.ADC_Init          adc.o
    0x0000053c   0x00000038   Code   RO          428    i.ADC_Read          adc.o
    0x00000574   0x00000040   Code   RO          618    i.Delay100ms        timer_2.o
    0x000005b4   0x00000038   Code   RO          429    i.DrawShip          adc.o
    0x000005ec   0x00000070   Code   RO          221    i.EndGame           screen_draw.o
    0x0000065c   0x000000c8   Code   RO          347    i.GPIOPortF_Handler  portfconfg.o
    0x00000724   0x00000010   Code   RO          275    i.GPIO_ClearInterrupt  portf_driver.o
    0x00000734   0x00000038   Code   RO          348    i.GPIO_PortF_Init   portfconfg.o
    0x0000076c   0x00000024   Code   RO          276    i.GPIO_SetAlternateFunction  portf_driver.o
    0x00000790   0x00000040   Code   RO          277    i.GPIO_SetDigitalAnalogSelect  portf_driver.o
    0x000007d0   0x00000024   Code   RO          278    i.GPIO_SetInterruptEdgeMode  portf_driver.o
    0x000007f4   0x00000024   Code   RO          279    i.GPIO_SetInterruptEvent  portf_driver.o
    0x00000818   0x00000024   Code   RO          280    i.GPIO_SetInterruptMask  portf_driver.o
    0x0000083c   0x00000024   Code   RO          281    i.GPIO_SetInterruptSensitivity  portf_driver.o
    0x00000860   0x00000024   Code   RO          282    i.GPIO_SetPinDirection  portf_driver.o
    0x00000884   0x00000024   Code   RO          283    i.GPIO_SetPullUp    portf_driver.o
    0x000008a8   0x00000020   Code   RO           12    i.Nokia5110_Clear   nokia5110.o
    0x000008c8   0x00000018   Code   RO           13    i.Nokia5110_ClearBuffer  nokia5110.o
    0x000008e0   0x00000010   Code   RO           14    i.Nokia5110_DisplayBuffer  nokia5110.o
    0x000008f0   0x00000022   Code   RO           15    i.Nokia5110_DrawFullImage  nokia5110.o
    0x00000912   0x00000002   PAD
    0x00000914   0x0000016c   Code   RO           16    i.Nokia5110_Init    nokia5110.o
    0x00000a80   0x00000040   Code   RO           17    i.Nokia5110_OutChar  nokia5110.o
    0x00000ac0   0x00000016   Code   RO           18    i.Nokia5110_OutString  nokia5110.o
    0x00000ad6   0x00000002   PAD
    0x00000ad8   0x0000019c   Code   RO           19    i.Nokia5110_OutUDec  nokia5110.o
    0x00000c74   0x000001a8   Code   RO           20    i.Nokia5110_PrintBMP  nokia5110.o
    0x00000e1c   0x000001e8   Code   RO           21    i.Nokia5110_PrintBMP2  nokia5110.o
    0x00001004   0x00000030   Code   RO           22    i.Nokia5110_SetCursor  nokia5110.o
    0x00001034   0x0000007c   Code   RO          103    i.PLL_Init          texas.o
    0x000010b0   0x000000b4   Code   RO          284    i.PORTF_init        portf_driver.o
    0x00001164   0x00000018   Code   RO          104    i.SetCode           texas.o
    0x0000117c   0x00000018   Code   RO          105    i.SetCourse         texas.o
    0x00001194   0x000001c4   Code   RO          109    i.TExaS_Init        texas.o
    0x00001358   0x0000000c   Code   RO          619    i.Timer2A_Handler   timer_2.o
    0x00001364   0x00000010   Code   RO          676    i.Timer2_Init       timer2_cfg.o
    0x00001374   0x00000064   Code   RO          622    i.Timer2_Init_T     timer_2.o
    0x000013d8   0x00000014   Code   RO          624    i.Timer2_Start      timer_2.o
    0x000013ec   0x00000014   Code   RO          625    i.Timer2_Stop       timer_2.o
    0x00001400   0x00000020   Code   RO          111    i.Timer4A_Handler   texas.o
    0x00001420   0x00000030   Code   RO          112    i.Timer5A_Handler   texas.o
    0x00001450   0x000000c4   Code   RO          471    i.UART0_Handler     uart_interrupt.o
    0x00001514   0x000000c0   Code   RO          115    i.UART0_Init        texas.o
    0x000015d4   0x00000018   Code   RO          472    i.UART0_Read        uart_interrupt.o
    0x000015ec   0x000000c0   Code   RO          480    i.UART_Init         uart_interrupt.o
    0x000016ac   0x00000018   Code   RO          481    i.UART_OutChar      uart_interrupt.o
    0x000016c4   0x00000038   Code   RO          430    i.UpdateShipPosition  adc.o
    0x000016fc   0x00000040   Code   RO          222    i.WinGame           screen_draw.o
    0x0000173c   0x00000024   Code   RO          574    i.checkGameOver     gamelogic.o
    0x00001760   0x00000054   Code   RO          223    i.display           screen_draw.o
    0x000017b4   0x0000004c   Code   RO          224    i.draw              screen_draw.o
    0x00001800   0x000003d4   Code   RO          575    i.handleBallGridCollision  gamelogic.o
    0x00001bd4   0x00000088   Code   RO          576    i.handleBallShipCollision  gamelogic.o
    0x00001c5c   0x0000004c   Code   RO           23    i.lcdwrite          nokia5110.o
    0x00001ca8   0x00000090   Code   RO          378    i.main              main.o
    0x00001d38   0x00000054   Code   RO          577    i.playGame          gamelogic.o
    0x00001d8c   0x00000098   Code   RO          225    i.startingScreen    screen_draw.o
    0x00001e24   0x000001e0   Data   RO           25    .constdata          nokia5110.o
    0x00002004   0x00000168   Data   RO          120    .constdata          texas.o
    0x0000216c   0x000003c5   Data   RO          226    .constdata          screen_draw.o
    0x00002531   0x000001e3   Data   RO          380    .constdata          main.o
    0x00002714   0x00000020   Data   RO          853    Region$$Table       anon$$obj.o


    Execution Region ER_RW (Base: 0x20000000, Size: 0x000000ac, Max: 0xffffffff, ABSOLUTE)

    Base Addr    Size         Type   Attr      Idx    E Section Name        Object

    0x20000000   0x00000034   Data   RW          121    .data               texas.o
    0x20000034   0x00000028   Data   RW          350    .data               portfconfg.o
    0x2000005c   0x00000014   Data   RW          381    .data               main.o
    0x20000070   0x00000004   Data   RW          432    .data               adc.o
    0x20000074   0x00000001   Data   RW          487    .data               uart_interrupt.o
    0x20000075   0x00000003   PAD
    0x20000078   0x0000001c   Data   RW          579    .data               gamelogic.o
    0x20000094   0x00000018   Data   RW          677    .data               timer2_cfg.o


    Execution Region ER_ZI (Base: 0x200000ac, Size: 0x00000934, Max: 0xffffffff, ABSOLUTE)

    Base Addr    Size         Type   Attr      Idx    E Section Name        Object

    0x200000ac   0x000001f8   Zero   RW           24    .bss                nokia5110.o
    0x200002a4   0x00000004   PAD
    0x200002a8   0x00000038   Zero   RW          119    .bss                texas.o
    0x200002e0   0x000002a0   Zero   RW          379    .bss                main.o
    0x20000580   0x00000060   Zero   RW          730    .bss                c_w.l(libspace.o)
    0x200005e0   0x00000000   Zero   RW            2    HEAP                startup.o
    0x200005e0   0x00000400   Zero   RW            1    STACK               startup.o


==============================================================================

Image component sizes


      Code (inc. data)   RO Data    RW Data    ZI Data      Debug   Object Name

       320         62          0          4          0       2098   adc.o
      1236         86          0         28          0       3053   gamelogic.o
       144         18        483         20        672       1463   main.o
      2004        100        480          0        504      10319   nokia5110.o
       512         58          0          0          0       6892   portf_driver.o
       256         38          0         40          0       3057   portfconfg.o
       488        134        965          0          0       5978   screen_draw.o
       692        632          0          0       1024        892   startup.o
      1120        244        360         52         56      15760   texas.o
        16          6          0         24          0       1456   timer2_cfg.o
       216         38          0          0          0       3362   timer_2.o
       436         62          0          1          0       2431   uart_interrupt.o

    ----------------------------------------------------------------------
      7444       1478       2320        172       2260      56761   Object Totals
         0          0         32          0          0          0   (incl. Generated)
         4          0          0          3          4          0   (incl. Padding)

    ----------------------------------------------------------------------

      Code (inc. data)   RO Data    RW Data    ZI Data      Debug   Library Member Name

         8          0          0          0          0         68   __main.o
        52          8          0          0          0          0   __scatter.o
        26          0          0          0          0          0   __scatter_copy.o
        28          0          0          0          0          0   __scatter_zi.o
        12          0          0          0          0         72   exit.o
         6          0          0          0          0        152   heapauxi.o
         0          0          0          0          0          0   indicate_semi.o
         2          0          0          0          0          0   libinit.o
         2          0          0          0          0          0   libinit2.o
         2          0          0          0          0          0   libshutdown.o
         2          0          0          0          0          0   libshutdown2.o
         8          4          0          0         96         68   libspace.o
         0          0          0          0          0          0   rtentry.o
        12          0          0          0          0          0   rtentry2.o
         6          0          0          0          0          0   rtentry4.o
         2          0          0          0          0          0   rtexit.o
        10          0          0          0          0          0   rtexit2.o
        12          4          0          0          0         68   sys_exit.o
        74          0          0          0          0         80   sys_stackheap_outer.o
         2          0          0          0          0         68   use_no_semi.o

    ----------------------------------------------------------------------
       272         16          0          0         96        576   Library Totals
         6          0          0          0          0          0   (incl. Padding)

    ----------------------------------------------------------------------

      Code (inc. data)   RO Data    RW Data    ZI Data      Debug   Library Name

       266         16          0          0         96        576   c_w.l

    ----------------------------------------------------------------------
       272         16          0          0         96        576   Library Totals

    ----------------------------------------------------------------------

==============================================================================


      Code (inc. data)   RO Data    RW Data    ZI Data      Debug   

      7716       1494       2320        172       2356      54269   Grand Totals
      7716       1494       2320        172       2356      54269   ELF Image Totals
      7716       1494       2320        172          0          0   ROM Totals

==============================================================================

    Total RO  Size (Code + RO Data)                10036 (   9.80kB)
    Total RW  Size (RW Data + ZI Data)              2528 (   2.47kB)
    Total ROM Size (Code + RO Data + RW Data)      10208 (   9.97kB)

==============================================================================

